Component: ARM Compiler 5.06 update 5 (build 528) Tool: armlink [4d35e2]

==============================================================================

Section Cross References

    main.o(i.BSP_init) refers to main.o(i.adc_gpio_init) for adc_gpio_init
    main.o(i.BSP_init) refers to main.o(i.adc_config) for adc_config
    main.o(i.BSP_init) refers to main.o(i.adc_dma_init) for adc_dma_init
    main.o(i.BSP_init) refers to main.o(i.TIM14_Config) for TIM14_Config
    main.o(i.BSP_init) refers to main.o(i.TIM3_Config) for TIM3_Config
    main.o(i.BSP_init) refers to main.o(i.GPIO_PWMOUT_Config) for GPIO_PWMOUT_Config
    main.o(i.BSP_init) refers to main.o(i.GPIO_DEINIT_ALL) for GPIO_DEINIT_ALL
    main.o(i.DMA1_Channel1_IRQHandler) refers to stm32f0xx_dma.o(i.DMA_GetITStatus) for DMA_GetITStatus
    main.o(i.DMA1_Channel1_IRQHandler) refers to stm32f0xx_dma.o(i.DMA_ClearITPendingBit) for DMA_ClearITPendingBit
    main.o(i.DMA1_Channel1_IRQHandler) refers to main.o(.bss) for adc_dma_tab
    main.o(i.DMA1_Channel1_IRQHandler) refers to main.o(.data) for ADCIndex
    main.o(i.FlashCheck) refers to main.o(i.Formula_100) for Formula_100
    main.o(i.FlashCheck) refers to main.o(.data) for FormulaResult
    main.o(i.FlashCheck) refers to main.o(.bss) for D
    main.o(i.Formula_100) refers to main.o(.data) for UID
    main.o(i.Formula_CRC16) refers to main.o(.data) for Fml_CRC16
    main.o(i.GPIO_DEINIT_ALL) refers to stm32f0xx_rcc.o(i.RCC_AHBPeriphClockCmd) for RCC_AHBPeriphClockCmd
    main.o(i.GPIO_DEINIT_ALL) refers to stm32f0xx_gpio.o(i.GPIO_StructInit) for GPIO_StructInit
    main.o(i.GPIO_DEINIT_ALL) refers to stm32f0xx_gpio.o(i.GPIO_Init) for GPIO_Init
    main.o(i.GPIO_INIT) refers to stm32f0xx_rcc.o(i.RCC_AHBPeriphClockCmd) for RCC_AHBPeriphClockCmd
    main.o(i.GPIO_INIT) refers to stm32f0xx_gpio.o(i.GPIO_StructInit) for GPIO_StructInit
    main.o(i.GPIO_INIT) refers to stm32f0xx_gpio.o(i.GPIO_Init) for GPIO_Init
    main.o(i.GPIO_PWMOUT_Config) refers to stm32f0xx_rcc.o(i.RCC_AHBPeriphClockCmd) for RCC_AHBPeriphClockCmd
    main.o(i.GPIO_PWMOUT_Config) refers to stm32f0xx_gpio.o(i.GPIO_Init) for GPIO_Init
    main.o(i.IWDG_Config) refers to stm32f0xx_rcc.o(i.RCC_GetFlagStatus) for RCC_GetFlagStatus
    main.o(i.IWDG_Config) refers to stm32f0xx_rcc.o(i.RCC_ClearFlag) for RCC_ClearFlag
    main.o(i.IWDG_Config) refers to stm32f0xx_iwdg.o(i.IWDG_WriteAccessCmd) for IWDG_WriteAccessCmd
    main.o(i.IWDG_Config) refers to stm32f0xx_iwdg.o(i.IWDG_SetPrescaler) for IWDG_SetPrescaler
    main.o(i.IWDG_Config) refers to stm32f0xx_iwdg.o(i.IWDG_SetReload) for IWDG_SetReload
    main.o(i.IWDG_Config) refers to stm32f0xx_iwdg.o(i.IWDG_ReloadCounter) for IWDG_ReloadCounter
    main.o(i.IWDG_Config) refers to stm32f0xx_iwdg.o(i.IWDG_Enable) for IWDG_Enable
    main.o(i.ProgramCheck) refers to flash.o(i.ReadFlash) for ReadFlash
    main.o(i.ProgramCheck) refers to process.o(i.ResetParameter) for ResetParameter
    main.o(i.ProgramCheck) refers to flash.o(i.WriteFlash) for WriteFlash
    main.o(i.ProgramCheck) refers to main.o(i.DelaymsSet) for DelaymsSet
    main.o(i.ProgramCheck) refers to main.o(.data) for ProgramCounter
    main.o(i.RCC_Configuration) refers to stm32f0xx_rcc.o(i.RCC_PLLConfig) for RCC_PLLConfig
    main.o(i.RCC_Configuration) refers to stm32f0xx_rcc.o(i.RCC_PLLCmd) for RCC_PLLCmd
    main.o(i.RCC_Configuration) refers to stm32f0xx_rcc.o(i.RCC_ADCCLKConfig) for RCC_ADCCLKConfig
    main.o(i.RCC_Configuration) refers to stm32f0xx_rcc.o(i.RCC_GetFlagStatus) for RCC_GetFlagStatus
    main.o(i.RCC_Configuration) refers to stm32f0xx_rcc.o(i.RCC_SYSCLKConfig) for RCC_SYSCLKConfig
    main.o(i.RCC_Configuration) refers to stm32f0xx_rcc.o(i.RCC_GetSYSCLKSource) for RCC_GetSYSCLKSource
    main.o(i.TIM14_Config) refers to stm32f0xx_rcc.o(i.RCC_APB1PeriphClockCmd) for RCC_APB1PeriphClockCmd
    main.o(i.TIM14_Config) refers to stm32f0xx_tim.o(i.TIM_DeInit) for TIM_DeInit
    main.o(i.TIM14_Config) refers to stm32f0xx_misc.o(i.NVIC_Init) for NVIC_Init
    main.o(i.TIM14_Config) refers to stm32f0xx_tim.o(i.TIM_TimeBaseStructInit) for TIM_TimeBaseStructInit
    main.o(i.TIM14_Config) refers to stm32f0xx_tim.o(i.TIM_TimeBaseInit) for TIM_TimeBaseInit
    main.o(i.TIM14_Config) refers to stm32f0xx_tim.o(i.TIM_Cmd) for TIM_Cmd
    main.o(i.TIM14_IRQHandler) refers to stm32f0xx_tim.o(i.TIM_GetITStatus) for TIM_GetITStatus
    main.o(i.TIM14_IRQHandler) refers to stm32f0xx_gpio.o(i.GPIO_ReadOutputDataBit) for GPIO_ReadOutputDataBit
    main.o(i.TIM14_IRQHandler) refers to stm32f0xx_gpio.o(i.GPIO_WriteBit) for GPIO_WriteBit
    main.o(i.TIM14_IRQHandler) refers to process.o(i.scan_key) for scan_key
    main.o(i.TIM14_IRQHandler) refers to stm32f0xx_tim.o(i.TIM_ClearITPendingBit) for TIM_ClearITPendingBit
    main.o(i.TIM14_IRQHandler) refers to process.o(.data) for scan_tick
    main.o(i.TIM1_BRK_UP_TRG_COM_IRQHandler) refers to stm32f0xx_tim.o(i.TIM_GetITStatus) for TIM_GetITStatus
[...]
    Removing stm32f0xx_rtc.o(i.RTC_ClearFlag), (32 bytes).
    Removing stm32f0xx_rtc.o(i.RTC_ClearITPendingBit), (36 bytes).
    Removing stm32f0xx_rtc.o(i.RTC_DateStructInit), (14 bytes).
    Removing stm32f0xx_rtc.o(i.RTC_DayLightSavingConfig), (48 bytes).
    Removing stm32f0xx_rtc.o(i.RTC_DeInit), (116 bytes).
    Removing stm32f0xx_rtc.o(i.RTC_EnterInitMode), (88 bytes).
    Removing stm32f0xx_rtc.o(i.RTC_ExitInitMode), (20 bytes).
    Removing stm32f0xx_rtc.o(i.RTC_GetAlarm), (120 bytes).
    Removing stm32f0xx_rtc.o(i.RTC_GetAlarmSubSecond), (20 bytes).
    Removing stm32f0xx_rtc.o(i.RTC_GetDate), (96 bytes).
    Removing stm32f0xx_rtc.o(i.RTC_GetFlagStatus), (44 bytes).
    Removing stm32f0xx_rtc.o(i.RTC_GetITStatus), (76 bytes).
    Removing stm32f0xx_rtc.o(i.RTC_GetStoreOperation), (16 bytes).
    Removing stm32f0xx_rtc.o(i.RTC_GetSubSecond), (16 bytes).
    Removing stm32f0xx_rtc.o(i.RTC_GetTime), (92 bytes).
    Removing stm32f0xx_rtc.o(i.RTC_GetTimeStamp), (164 bytes).
    Removing stm32f0xx_rtc.o(i.RTC_GetTimeStampSubSecond), (12 bytes).
    Removing stm32f0xx_rtc.o(i.RTC_GetWakeUpCounter), (12 bytes).
    Removing stm32f0xx_rtc.o(i.RTC_ITConfig), (100 bytes).
    Removing stm32f0xx_rtc.o(i.RTC_Init), (88 bytes).
    Removing stm32f0xx_rtc.o(i.RTC_OutputConfig), (48 bytes).
    Removing stm32f0xx_rtc.o(i.RTC_OutputTypeConfig), (28 bytes).
    Removing stm32f0xx_rtc.o(i.RTC_ReadBackupRegister), (32 bytes).
    Removing stm32f0xx_rtc.o(i.RTC_RefClockCmd), (76 bytes).
    Removing stm32f0xx_rtc.o(i.RTC_SetAlarm), (216 bytes).
    Removing stm32f0xx_rtc.o(i.RTC_SetDate), (208 bytes).
    Removing stm32f0xx_rtc.o(i.RTC_SetTime), (216 bytes).
    Removing stm32f0xx_rtc.o(i.RTC_SetWakeUpCounter), (24 bytes).
    Removing stm32f0xx_rtc.o(i.RTC_SmoothCalibConfig), (96 bytes).
    Removing stm32f0xx_rtc.o(i.RTC_StructInit), (14 bytes).
    Removing stm32f0xx_rtc.o(i.RTC_SynchroShiftConfig), (124 bytes).
    Removing stm32f0xx_rtc.o(i.RTC_TamperCmd), (32 bytes).
    Removing stm32f0xx_rtc.o(i.RTC_TamperFilterConfig), (28 bytes).
    Removing stm32f0xx_rtc.o(i.RTC_TamperPinsPrechargeDuration), (28 bytes).
    Removing stm32f0xx_rtc.o(i.RTC_TamperPullUpCmd), (40 bytes).
    Removing stm32f0xx_rtc.o(i.RTC_TamperSamplingFreqConfig), (28 bytes).
    Removing stm32f0xx_rtc.o(i.RTC_TamperTriggerConfig), (36 bytes).
    Removing stm32f0xx_rtc.o(i.RTC_TimeStampCmd), (64 bytes).
    Removing stm32f0xx_rtc.o(i.RTC_TimeStampOnTamperDetectionCmd), (36 bytes).
    Removing stm32f0xx_rtc.o(i.RTC_TimeStructInit), (12 bytes).
    Removing stm32f0xx_rtc.o(i.RTC_WaitForSynchro), (108 bytes).
    Removing stm32f0xx_rtc.o(i.RTC_WakeUpClockConfig), (40 bytes).
    Removing stm32f0xx_rtc.o(i.RTC_WakeUpCmd), (116 bytes).
    Removing stm32f0xx_rtc.o(i.RTC_WriteBackupRegister), (28 bytes).
    Removing stm32f0xx_rtc.o(i.RTC_WriteProtectionCmd), (28 bytes).
    Removing stm32f0xx_spi.o(.rev16_text), (4 bytes).
    Removing stm32f0xx_spi.o(.revsh_text), (4 bytes).
    Removing stm32f0xx_spi.o(i.I2S_Cmd), (32 bytes).
    Removing stm32f0xx_spi.o(i.I2S_Init), (232 bytes).
    Removing stm32f0xx_spi.o(i.I2S_StructInit), (20 bytes).
    Removing stm32f0xx_spi.o(i.SPI_BiDirectionalLineConfig), (32 bytes).
    Removing stm32f0xx_spi.o(i.SPI_CRCLengthConfig), (20 bytes).
    Removing stm32f0xx_spi.o(i.SPI_CalculateCRC), (32 bytes).
    Removing stm32f0xx_spi.o(i.SPI_Cmd), (28 bytes).
    Removing stm32f0xx_spi.o(i.SPI_DataSizeConfig), (24 bytes).
    Removing stm32f0xx_spi.o(i.SPI_GetCRC), (16 bytes).
    Removing stm32f0xx_spi.o(i.SPI_GetCRCPolynomial), (6 bytes).
    Removing stm32f0xx_spi.o(i.SPI_GetReceptionFIFOStatus), (12 bytes).
    Removing stm32f0xx_spi.o(i.SPI_GetTransmissionFIFOStatus), (12 bytes).
    Removing stm32f0xx_spi.o(i.SPI_I2S_ClearFlag), (6 bytes).
    Removing stm32f0xx_spi.o(i.SPI_I2S_DMACmd), (20 bytes).
    Removing stm32f0xx_spi.o(i.SPI_I2S_DeInit), (60 bytes).
    Removing stm32f0xx_spi.o(i.SPI_I2S_GetFlagStatus), (20 bytes).
    Removing stm32f0xx_spi.o(i.SPI_I2S_GetITStatus), (56 bytes).
    Removing stm32f0xx_spi.o(i.SPI_I2S_ITConfig), (34 bytes).
    Removing stm32f0xx_spi.o(i.SPI_I2S_ReceiveData16), (6 bytes).
    Removing stm32f0xx_spi.o(i.SPI_I2S_SendData16), (4 bytes).
    Removing stm32f0xx_spi.o(i.SPI_Init), (88 bytes).
    Removing stm32f0xx_spi.o(i.SPI_LastDMATransferCmd), (20 bytes).
    Removing stm32f0xx_spi.o(i.SPI_NSSInternalSoftwareConfig), (32 bytes).
    Removing stm32f0xx_spi.o(i.SPI_NSSPulseModeCmd), (28 bytes).
    Removing stm32f0xx_spi.o(i.SPI_ReceiveData8), (12 bytes).
    Removing stm32f0xx_spi.o(i.SPI_RxFIFOThresholdConfig), (20 bytes).
    Removing stm32f0xx_spi.o(i.SPI_SSOutputCmd), (28 bytes).
    Removing stm32f0xx_spi.o(i.SPI_SendData8), (10 bytes).
    Removing stm32f0xx_spi.o(i.SPI_StructInit), (30 bytes).
    Removing stm32f0xx_spi.o(i.SPI_TIModeCmd), (28 bytes).
    Removing stm32f0xx_spi.o(i.SPI_TransmitCRC), (12 bytes).
    Removing stm32f0xx_syscfg.o(.rev16_text), (4 bytes).
    Removing stm32f0xx_syscfg.o(.revsh_text), (4 bytes).
    Removing stm32f0xx_syscfg.o(i.SYSCFG_BreakConfig), (16 bytes).
    Removing stm32f0xx_syscfg.o(i.SYSCFG_ClearFlag), (16 bytes).
    Removing stm32f0xx_syscfg.o(i.SYSCFG_DMAChannelRemapConfig), (32 bytes).
    Removing stm32f0xx_syscfg.o(i.SYSCFG_DeInit), (44 bytes).
    Removing stm32f0xx_syscfg.o(i.SYSCFG_EXTILineConfig), (64 bytes).
    Removing stm32f0xx_syscfg.o(i.SYSCFG_GetFlagStatus), (32 bytes).
    Removing stm32f0xx_syscfg.o(i.SYSCFG_GetPendingIT), (24 bytes).
    Removing stm32f0xx_syscfg.o(i.SYSCFG_I2CFastModePlusConfig), (32 bytes).
    Removing stm32f0xx_syscfg.o(i.SYSCFG_IRDAEnvSelection), (28 bytes).
    Removing stm32f0xx_syscfg.o(i.SYSCFG_MemoryRemapConfig), (28 bytes).
    Removing stm32f0xx_tim.o(.rev16_text), (4 bytes).
    Removing stm32f0xx_tim.o(.revsh_text), (4 bytes).
    Removing stm32f0xx_tim.o(i.TI1_Config), (56 bytes).
    Removing stm32f0xx_tim.o(i.TI2_Config), (76 bytes).
    Removing stm32f0xx_tim.o(i.TI3_Config), (72 bytes).
    Removing stm32f0xx_tim.o(i.TI4_Config), (80 bytes).
    Removing stm32f0xx_tim.o(i.TIM_ARRPreloadConfig), (28 bytes).
    Removing stm32f0xx_tim.o(i.TIM_BDTRConfig), (32 bytes).
    Removing stm32f0xx_tim.o(i.TIM_BDTRStructInit), (18 bytes).
    Removing stm32f0xx_tim.o(i.TIM_CCPreloadControl), (28 bytes).
    Removing stm32f0xx_tim.o(i.TIM_CCxCmd), (30 bytes).
    Removing stm32f0xx_tim.o(i.TIM_CCxNCmd), (30 bytes).
    Removing stm32f0xx_tim.o(i.TIM_ClearOC1Ref), (24 bytes).
    Removing stm32f0xx_tim.o(i.TIM_ClearOC2Ref), (20 bytes).
    Removing stm32f0xx_tim.o(i.TIM_ClearOC3Ref), (24 bytes).
    Removing stm32f0xx_tim.o(i.TIM_ClearOC4Ref), (20 bytes).
    Removing stm32f0xx_tim.o(i.TIM_CounterModeConfig), (24 bytes).
    Removing stm32f0xx_tim.o(i.TIM_CtrlPWMOutputs), (34 bytes).
    Removing stm32f0xx_tim.o(i.TIM_DMACmd), (20 bytes).
    Removing stm32f0xx_tim.o(i.TIM_DMAConfig), (12 bytes).
    Removing stm32f0xx_tim.o(i.TIM_ETRClockMode1Config), (52 bytes).
    Removing stm32f0xx_tim.o(i.TIM_ETRClockMode2Config), (34 bytes).
    Removing stm32f0xx_tim.o(i.TIM_ETRConfig), (24 bytes).
    Removing stm32f0xx_tim.o(i.TIM_EncoderInterfaceConfig), (68 bytes).
    Removing stm32f0xx_tim.o(i.TIM_ForcedOC1Config), (24 bytes).
    Removing stm32f0xx_tim.o(i.TIM_ForcedOC2Config), (24 bytes).
    Removing stm32f0xx_tim.o(i.TIM_ForcedOC3Config), (24 bytes).
    Removing stm32f0xx_tim.o(i.TIM_ForcedOC4Config), (24 bytes).
    Removing stm32f0xx_tim.o(i.TIM_GenerateEvent), (4 bytes).
    Removing stm32f0xx_tim.o(i.TIM_GetCapture1), (6 bytes).
    Removing stm32f0xx_tim.o(i.TIM_GetCapture2), (6 bytes).
    Removing stm32f0xx_tim.o(i.TIM_GetCapture3), (6 bytes).
    Removing stm32f0xx_tim.o(i.TIM_GetCapture4), (6 bytes).
    Removing stm32f0xx_tim.o(i.TIM_GetFlagStatus), (20 bytes).
    Removing stm32f0xx_tim.o(i.TIM_GetPrescaler), (6 bytes).
    Removing stm32f0xx_tim.o(i.TIM_ICInit), (112 bytes).
    Removing stm32f0xx_tim.o(i.TIM_ICStructInit), (18 bytes).
    Removing stm32f0xx_tim.o(i.TIM_ITConfig), (20 bytes).
    Removing stm32f0xx_tim.o(i.TIM_ITRxExternalClockConfig), (24 bytes).
    Removing stm32f0xx_tim.o(i.TIM_InternalClockConfig), (16 bytes).
    Removing stm32f0xx_tim.o(i.TIM_OC1FastConfig), (24 bytes).
    Removing stm32f0xx_tim.o(i.TIM_OC1Init), (148 bytes).
    Removing stm32f0xx_tim.o(i.TIM_OC1NPolarityConfig), (24 bytes).
    Removing stm32f0xx_tim.o(i.TIM_OC1PolarityConfig), (24 bytes).
    Removing stm32f0xx_tim.o(i.TIM_OC1PreloadConfig), (24 bytes).
    Removing stm32f0xx_tim.o(i.TIM_OC2FastConfig), (24 bytes).
    Removing stm32f0xx_tim.o(i.TIM_OC2Init), (172 bytes).
    Removing stm32f0xx_tim.o(i.TIM_OC2NPolarityConfig), (24 bytes).
    Removing stm32f0xx_tim.o(i.TIM_OC2PolarityConfig), (24 bytes).
    Removing stm32f0xx_tim.o(i.TIM_OC2PreloadConfig), (24 bytes).
    Removing stm32f0xx_tim.o(i.TIM_OC3FastConfig), (24 bytes).
    Removing stm32f0xx_tim.o(i.TIM_OC3Init), (152 bytes).
    Removing stm32f0xx_tim.o(i.TIM_OC3NPolarityConfig), (24 bytes).
    Removing stm32f0xx_tim.o(i.TIM_OC3PolarityConfig), (24 bytes).
    Removing stm32f0xx_tim.o(i.TIM_OC3PreloadConfig), (24 bytes).
    Removing stm32f0xx_tim.o(i.TIM_OC4FastConfig), (24 bytes).
    Removing stm32f0xx_tim.o(i.TIM_OC4Init), (112 bytes).
    Removing stm32f0xx_tim.o(i.TIM_OC4PolarityConfig), (24 bytes).
    Removing stm32f0xx_tim.o(i.TIM_OC4PreloadConfig), (24 bytes).
    Removing stm32f0xx_tim.o(i.TIM_OCStructInit), (20 bytes).
    Removing stm32f0xx_tim.o(i.TIM_PWMIConfig), (124 bytes).
    Removing stm32f0xx_tim.o(i.TIM_PrescalerConfig), (6 bytes).
    Removing stm32f0xx_tim.o(i.TIM_RemapConfig), (6 bytes).
    Removing stm32f0xx_tim.o(i.TIM_SelectCCDMA), (28 bytes).
    Removing stm32f0xx_tim.o(i.TIM_SelectCOM), (28 bytes).
    Removing stm32f0xx_tim.o(i.TIM_SelectHallSensor), (28 bytes).
    Removing stm32f0xx_tim.o(i.TIM_SelectInputTrigger), (24 bytes).
    Removing stm32f0xx_tim.o(i.TIM_SelectMasterSlaveMode), (20 bytes).
    Removing stm32f0xx_tim.o(i.TIM_SelectOCREFClear), (20 bytes).
    Removing stm32f0xx_tim.o(i.TIM_SelectOCxM), (82 bytes).
    Removing stm32f0xx_tim.o(i.TIM_SelectOnePulseMode), (20 bytes).
    Removing stm32f0xx_tim.o(i.TIM_SelectOutputTrigger), (20 bytes).
    Removing stm32f0xx_tim.o(i.TIM_SelectSlaveMode), (20 bytes).
    Removing stm32f0xx_tim.o(i.TIM_SetAutoreload), (4 bytes).
    Removing stm32f0xx_tim.o(i.TIM_SetClockDivision), (20 bytes).
    Removing stm32f0xx_tim.o(i.TIM_SetCompare1), (4 bytes).
    Removing stm32f0xx_tim.o(i.TIM_SetCompare2), (4 bytes).
    Removing stm32f0xx_tim.o(i.TIM_SetCompare3), (4 bytes).
    Removing stm32f0xx_tim.o(i.TIM_SetCompare4), (4 bytes).
    Removing stm32f0xx_tim.o(i.TIM_SetIC1Prescaler), (20 bytes).
    Removing stm32f0xx_tim.o(i.TIM_SetIC2Prescaler), (24 bytes).
    Removing stm32f0xx_tim.o(i.TIM_SetIC3Prescaler), (20 bytes).
    Removing stm32f0xx_tim.o(i.TIM_SetIC4Prescaler), (24 bytes).
    Removing stm32f0xx_tim.o(i.TIM_TIxExternalClockConfig), (58 bytes).
    Removing stm32f0xx_tim.o(i.TIM_UpdateDisableConfig), (28 bytes).
    Removing stm32f0xx_tim.o(i.TIM_UpdateRequestConfig), (28 bytes).
    Removing stm32f0xx_usart.o(.rev16_text), (4 bytes).
    Removing stm32f0xx_usart.o(.revsh_text), (4 bytes).
    Removing stm32f0xx_usart.o(i.USART_AddressDetectionConfig), (16 bytes).
    Removing stm32f0xx_usart.o(i.USART_AutoBaudRateCmd), (28 bytes).
    Removing stm32f0xx_usart.o(i.USART_AutoBaudRateConfig), (18 bytes).
    Removing stm32f0xx_usart.o(i.USART_ClearFlag), (4 bytes).
    Removing stm32f0xx_usart.o(i.USART_ClearITPendingBit), (18 bytes).
    Removing stm32f0xx_usart.o(i.USART_ClockInit), (36 bytes).
    Removing stm32f0xx_usart.o(i.USART_ClockStructInit), (12 bytes).
    Removing stm32f0xx_usart.o(i.USART_Cmd), (24 bytes).
    Removing stm32f0xx_usart.o(i.USART_DECmd), (28 bytes).
    Removing stm32f0xx_usart.o(i.USART_DEPolarityConfig), (18 bytes).
    Removing stm32f0xx_usart.o(i.USART_DMACmd), (20 bytes).
    Removing stm32f0xx_usart.o(i.USART_DMAReceptionErrorConfig), (18 bytes).
    Removing stm32f0xx_usart.o(i.USART_DataInvCmd), (28 bytes).
    Removing stm32f0xx_usart.o(i.USART_DeInit), (240 bytes).
    Removing stm32f0xx_usart.o(i.USART_DirectionModeCmd), (20 bytes).
    Removing stm32f0xx_usart.o(i.USART_GetFlagStatus), (20 bytes).
    Removing stm32f0xx_usart.o(i.USART_GetITStatus), (78 bytes).
    Removing stm32f0xx_usart.o(i.USART_HalfDuplexCmd), (24 bytes).
    Removing stm32f0xx_usart.o(i.USART_ITConfig), (66 bytes).
    Removing stm32f0xx_usart.o(i.USART_Init), (248 bytes).
    Removing stm32f0xx_usart.o(i.USART_InvPinCmd), (20 bytes).
    Removing stm32f0xx_usart.o(i.USART_IrDACmd), (24 bytes).
    Removing stm32f0xx_usart.o(i.USART_IrDAConfig), (16 bytes).
    Removing stm32f0xx_usart.o(i.USART_LINBreakDetectLengthConfig), (16 bytes).
    Removing stm32f0xx_usart.o(i.USART_LINCmd), (28 bytes).
    Removing stm32f0xx_usart.o(i.USART_MSBFirstCmd), (28 bytes).
    Removing stm32f0xx_usart.o(i.USART_MuteModeCmd), (28 bytes).
    Removing stm32f0xx_usart.o(i.USART_MuteModeWakeUpConfig), (18 bytes).
    Removing stm32f0xx_usart.o(i.USART_OneBitMethodCmd), (28 bytes).
    Removing stm32f0xx_usart.o(i.USART_OverSampling8Cmd), (28 bytes).
    Removing stm32f0xx_usart.o(i.USART_OverrunDetectionConfig), (18 bytes).
    Removing stm32f0xx_usart.o(i.USART_ReceiveData), (10 bytes).
    Removing stm32f0xx_usart.o(i.USART_ReceiverTimeOutCmd), (28 bytes).
    Removing stm32f0xx_usart.o(i.USART_RequestCmd), (20 bytes).
    Removing stm32f0xx_usart.o(i.USART_STOPModeCmd), (24 bytes).
    Removing stm32f0xx_usart.o(i.USART_SWAPPinCmd), (28 bytes).
    Removing stm32f0xx_usart.o(i.USART_SendData), (8 bytes).
    Removing stm32f0xx_usart.o(i.USART_SetAddress), (18 bytes).
    Removing stm32f0xx_usart.o(i.USART_SetAutoRetryCount), (20 bytes).
    Removing stm32f0xx_usart.o(i.USART_SetBlockLength), (18 bytes).
    Removing stm32f0xx_usart.o(i.USART_SetDEAssertionTime), (20 bytes).
    Removing stm32f0xx_usart.o(i.USART_SetDEDeassertionTime), (20 bytes).
    Removing stm32f0xx_usart.o(i.USART_SetGuardTime), (16 bytes).
    Removing stm32f0xx_usart.o(i.USART_SetPrescaler), (18 bytes).
    Removing stm32f0xx_usart.o(i.USART_SetReceiverTimeOut), (16 bytes).
    Removing stm32f0xx_usart.o(i.USART_SmartCardCmd), (24 bytes).
    Removing stm32f0xx_usart.o(i.USART_SmartCardNACKCmd), (24 bytes).
    Removing stm32f0xx_usart.o(i.USART_StopModeWakeUpSourceConfig), (18 bytes).
    Removing stm32f0xx_usart.o(i.USART_StructInit), (24 bytes).
    Removing stm32f0xx_wwdg.o(.rev16_text), (4 bytes).
    Removing stm32f0xx_wwdg.o(.revsh_text), (4 bytes).
    Removing stm32f0xx_wwdg.o(i.WWDG_ClearFlag), (12 bytes).
    Removing stm32f0xx_wwdg.o(i.WWDG_DeInit), (22 bytes).
    Removing stm32f0xx_wwdg.o(i.WWDG_Enable), (16 bytes).
    Removing stm32f0xx_wwdg.o(i.WWDG_EnableIT), (20 bytes).
    Removing stm32f0xx_wwdg.o(i.WWDG_GetFlagStatus), (24 bytes).
    Removing stm32f0xx_wwdg.o(i.WWDG_SetCounter), (16 bytes).
    Removing stm32f0xx_wwdg.o(i.WWDG_SetPrescaler), (32 bytes).
    Removing stm32f0xx_wwdg.o(i.WWDG_SetWindowValue), (40 bytes).
    Removing system_stm32f0xx.o(.rev16_text), (4 bytes).
    Removing system_stm32f0xx.o(.revsh_text), (4 bytes).
    Removing system_stm32f0xx.o(i.SystemCoreClockUpdate), (176 bytes).
    Removing system_stm32f0xx.o(.data), (20 bytes).
    Removing startup_stm32f0xx_ld.o(HEAP), (512 bytes).

557 unused section(s) (total 21310 bytes) removed from the image.

==============================================================================

Image Symbol Table

    Local Symbols

    Symbol Name                              Value     Ov Type        Size  Object(Section)

    ../clib/../cmprslib/zerorunl.c           0x00000000   Number         0  __dczerorl.o ABSOLUTE
    ../clib/microlib/division.c              0x00000000   Number         0  uidiv.o ABSOLUTE
    ../clib/microlib/init/entry.s            0x00000000   Number         0  entry11a.o ABSOLUTE
    ../clib/microlib/init/entry.s            0x00000000   Number         0  entry7a.o ABSOLUTE
    ../clib/microlib/init/entry.s            0x00000000   Number         0  entry11b.o ABSOLUTE
    ../clib/microlib/init/entry.s            0x00000000   Number         0  entry2.o ABSOLUTE
    ../clib/microlib/init/entry.s            0x00000000   Number         0  entry5.o ABSOLUTE
    ../clib/microlib/init/entry.s            0x00000000   Number         0  entry.o ABSOLUTE
    ../clib/microlib/init/entry.s            0x00000000   Number         0  entry10b.o ABSOLUTE
    ../clib/microlib/init/entry.s            0x00000000   Number         0  entry10a.o ABSOLUTE
    ../clib/microlib/init/entry.s            0x00000000   Number         0  entry9b.o ABSOLUTE
    ../clib/microlib/init/entry.s            0x00000000   Number         0  entry9a.o ABSOLUTE
    ../clib/microlib/init/entry.s            0x00000000   Number         0  entry8b.o ABSOLUTE
    ../clib/microlib/init/entry.s            0x00000000   Number         0  entry8a.o ABSOLUTE
    ../clib/microlib/init/entry.s            0x00000000   Number         0  entry7b.o ABSOLUTE
    ../clib/microlib/longlong.c              0x00000000   Number         0  llushr.o ABSOLUTE
    ../clib/microlib/longlong.c              0x00000000   Number         0  llsshr.o ABSOLUTE
    ../clib/microlib/longlong.c              0x00000000   Number         0  llshl.o ABSOLUTE
    ../clib/microlib/stubs.s                 0x00000000   Number         0  iusefp.o ABSOLUTE
    ../fplib/microlib/d2f.c                  0x00000000   Number         0  d2f.o ABSOLUTE
    ../fplib/microlib/fpadd.c                0x00000000   Number         0  fadd.o ABSOLUTE
    ../fplib/microlib/fpadd.c                0x00000000   Number         0  dadd.o ABSOLUTE
    ../fplib/microlib/fpdiv.c                0x00000000   Number         0  fdiv.o ABSOLUTE
    ../fplib/microlib/fpepilogue.c           0x00000000   Number         0  depilogue.o ABSOLUTE
    ../fplib/microlib/fpepilogue.c           0x00000000   Number         0  fepilogue.o ABSOLUTE
    ../fplib/microlib/fpfix.c                0x00000000   Number         0  ffixi.o ABSOLUTE
    ../fplib/microlib/fpfix.c                0x00000000   Number         0  ffixui.o ABSOLUTE
    ../fplib/microlib/fpflt.c                0x00000000   Number         0  ffltui.o ABSOLUTE
    ../fplib/microlib/fpflt.c                0x00000000   Number         0  fflti.o ABSOLUTE
    ../fplib/microlib/fpflt.c                0x00000000   Number         0  dflti.o ABSOLUTE
    ../fplib/microlib/fpmul.c                0x00000000   Number         0  fmul.o ABSOLUTE
    ../fplib/microlib/fpmul.c                0x00000000   Number         0  dmul.o ABSOLUTE
    ..\Libraries\CMSIS\Device\ST\STM32F0xx\Source\Templates\arm\startup_stm32f0xx_ld.s 0x00000000   Number         0  startup_stm32f0xx_ld.o ABSOLUTE
    ..\Libraries\STM32F0xx_StdPeriph_Driver\src\stm32f0xx_adc.c 0x00000000   Number         0  stm32f0xx_adc.o ABSOLUTE
    ..\Libraries\STM32F0xx_StdPeriph_Driver\src\stm32f0xx_can.c 0x00000000   Number         0  stm32f0xx_can.o ABSOLUTE
    ..\Libraries\STM32F0xx_StdPeriph_Driver\src\stm32f0xx_cec.c 0x00000000   Number         0  stm32f0xx_cec.o ABSOLUTE
    ..\Libraries\STM32F0xx_StdPeriph_Driver\src\stm32f0xx_comp.c 0x00000000   Number         0  stm32f0xx_comp.o ABSOLUTE
    ..\Libraries\STM32F0xx_StdPeriph_Driver\src\stm32f0xx_crc.c 0x00000000   Number         0  stm32f0xx_crc.o ABSOLUTE
    ..\Libraries\STM32F0xx_StdPeriph_Driver\src\stm32f0xx_crs.c 0x00000000   Number         0  stm32f0xx_crs.o ABSOLUTE
    ..\Libraries\STM32F0xx_StdPeriph_Driver\src\stm32f0xx_dac.c 0x00000000   Number         0  stm32f0xx_dac.o ABSOLUTE
    ..\Libraries\STM32F0xx_StdPeriph_Driver\src\stm32f0xx_dbgmcu.c 0x00000000   Number         0  stm32f0xx_dbgmcu.o ABSOLUTE
    ..\Libraries\STM32F0xx_StdPeriph_Driver\src\stm32f0xx_dma.c 0x00000000   Number         0  stm32f0xx_dma.o ABSOLUTE
    ..\Libraries\STM32F0xx_StdPeriph_Driver\src\stm32f0xx_exti.c 0x00000000   Number         0  stm32f0xx_exti.o ABSOLUTE
    ..\Libraries\STM32F0xx_StdPeriph_Driver\src\stm32f0xx_flash.c 0x00000000   Number         0  stm32f0xx_flash.o ABSOLUTE
    ..\Libraries\STM32F0xx_StdPeriph_Driver\src\stm32f0xx_gpio.c 0x00000000   Number         0  stm32f0xx_gpio.o ABSOLUTE
    ..\Libraries\STM32F0xx_StdPeriph_Driver\src\stm32f0xx_i2c.c 0x00000000   Number         0  stm32f0xx_i2c.o ABSOLUTE
    ..\Libraries\STM32F0xx_StdPeriph_Driver\src\stm32f0xx_iwdg.c 0x00000000   Number         0  stm32f0xx_iwdg.o ABSOLUTE
    ..\Libraries\STM32F0xx_StdPeriph_Driver\src\stm32f0xx_misc.c 0x00000000   Number         0  stm32f0xx_misc.o ABSOLUTE
    ..\Libraries\STM32F0xx_StdPeriph_Driver\src\stm32f0xx_pwr.c 0x00000000   Number         0  stm32f0xx_pwr.o ABSOLUTE
    ..\Libraries\STM32F0xx_StdPeriph_Driver\src\stm32f0xx_rcc.c 0x00000000   Number         0  stm32f0xx_rcc.o ABSOLUTE
    ..\Libraries\STM32F0xx_StdPeriph_Driver\src\stm32f0xx_rtc.c 0x00000000   Number         0  stm32f0xx_rtc.o ABSOLUTE
    ..\Libraries\STM32F0xx_StdPeriph_Driver\src\stm32f0xx_spi.c 0x00000000   Number         0  stm32f0xx_spi.o ABSOLUTE
    ..\Libraries\STM32F0xx_StdPeriph_Driver\src\stm32f0xx_syscfg.c 0x00000000   Number         0  stm32f0xx_syscfg.o ABSOLUTE
    ..\Libraries\STM32F0xx_StdPeriph_Driver\src\stm32f0xx_tim.c 0x00000000   Number         0  stm32f0xx_tim.o ABSOLUTE
    ..\Libraries\STM32F0xx_StdPeriph_Driver\src\stm32f0xx_usart.c 0x00000000   Number         0  stm32f0xx_usart.o ABSOLUTE
    ..\Libraries\STM32F0xx_StdPeriph_Driver\src\stm32f0xx_wwdg.c 0x00000000   Number         0  stm32f0xx_wwdg.o ABSOLUTE
    ..\\Libraries\\STM32F0xx_StdPeriph_Driver\\src\\stm32f0xx_adc.c 0x00000000   Number         0  stm32f0xx_adc.o ABSOLUTE
    ..\\Libraries\\STM32F0xx_StdPeriph_Driver\\src\\stm32f0xx_can.c 0x00000000   Number         0  stm32f0xx_can.o ABSOLUTE
    ..\\Libraries\\STM32F0xx_StdPeriph_Driver\\src\\stm32f0xx_cec.c 0x00000000   Number         0  stm32f0xx_cec.o ABSOLUTE
    ..\\Libraries\\STM32F0xx_StdPeriph_Driver\\src\\stm32f0xx_comp.c 0x00000000   Number         0  stm32f0xx_comp.o ABSOLUTE
    ..\\Libraries\\STM32F0xx_StdPeriph_Driver\\src\\stm32f0xx_crc.c 0x00000000   Number         0  stm32f0xx_crc.o ABSOLUTE
    ..\\Libraries\\STM32F0xx_StdPeriph_Driver\\src\\stm32f0xx_crs.c 0x00000000   Number         0  stm32f0xx_crs.o ABSOLUTE
    ..\\Libraries\\STM32F0xx_StdPeriph_Driver\\src\\stm32f0xx_dac.c 0x00000000   Number         0  stm32f0xx_dac.o ABSOLUTE
    ..\\Libraries\\STM32F0xx_StdPeriph_Driver\\src\\stm32f0xx_dbgmcu.c 0x00000000   Number         0  stm32f0xx_dbgmcu.o ABSOLUTE
    ..\\Libraries\\STM32F0xx_StdPeriph_Driver\\src\\stm32f0xx_dma.c 0x00000000   Number         0  stm32f0xx_dma.o ABSOLUTE
    ..\\Libraries\\STM32F0xx_StdPeriph_Driver\\src\\stm32f0xx_exti.c 0x00000000   Number         0  stm32f0xx_exti.o ABSOLUTE
    ..\\Libraries\\STM32F0xx_StdPeriph_Driver\\src\\stm32f0xx_flash.c 0x00000000   Number         0  stm32f0xx_flash.o ABSOLUTE
    ..\\Libraries\\STM32F0xx_StdPeriph_Driver\\src\\stm32f0xx_gpio.c 0x00000000   Number         0  stm32f0xx_gpio.o ABSOLUTE
    ..\\Libraries\\STM32F0xx_StdPeriph_Driver\\src\\stm32f0xx_i2c.c 0x00000000   Number         0  stm32f0xx_i2c.o ABSOLUTE
    ..\\Libraries\\STM32F0xx_StdPeriph_Driver\\src\\stm32f0xx_iwdg.c 0x00000000   Number         0  stm32f0xx_iwdg.o ABSOLUTE
    ..\\Libraries\\STM32F0xx_StdPeriph_Driver\\src\\stm32f0xx_misc.c 0x00000000   Number         0  stm32f0xx_misc.o ABSOLUTE
    ..\\Libraries\\STM32F0xx_StdPeriph_Driver\\src\\stm32f0xx_pwr.c 0x00000000   Number         0  stm32f0xx_pwr.o ABSOLUTE
    ..\\Libraries\\STM32F0xx_StdPeriph_Driver\\src\\stm32f0xx_rcc.c 0x00000000   Number         0  stm32f0xx_rcc.o ABSOLUTE
    ..\\Libraries\\STM32F0xx_StdPeriph_Driver\\src\\stm32f0xx_rtc.c 0x00000000   Number         0  stm32f0xx_rtc.o ABSOLUTE
    ..\\Libraries\\STM32F0xx_StdPeriph_Driver\\src\\stm32f0xx_spi.c 0x00000000   Number         0  stm32f0xx_spi.o ABSOLUTE
    ..\\Libraries\\STM32F0xx_StdPeriph_Driver\\src\\stm32f0xx_syscfg.c 0x00000000   Number         0  stm32f0xx_syscfg.o ABSOLUTE
    ..\\Libraries\\STM32F0xx_StdPeriph_Driver\\src\\stm32f0xx_tim.c 0x00000000   Number         0  stm32f0xx_tim.o ABSOLUTE
    ..\\Libraries\\STM32F0xx_StdPeriph_Driver\\src\\stm32f0xx_usart.c 0x00000000   Number         0  stm32f0xx_usart.o ABSOLUTE
    ..\\Libraries\\STM32F0xx_StdPeriph_Driver\\src\\stm32f0xx_wwdg.c 0x00000000   Number         0  stm32f0xx_wwdg.o ABSOLUTE
    ..\\flash.c                              0x00000000   Number         0  flash.o ABSOLUTE
    ..\\process.c                            0x00000000   Number         0  process.o ABSOLUTE
    ..\\stm32f0xx_it.c                       0x00000000   Number         0  stm32f0xx_it.o ABSOLUTE
    ..\\system_stm32f0xx.c                   0x00000000   Number         0  system_stm32f0xx.o ABSOLUTE
    ..\flash.c                               0x00000000   Number         0  flash.o ABSOLUTE
    ..\process.c                             0x00000000   Number         0  process.o ABSOLUTE
    ..\stm32f0xx_it.c                        0x00000000   Number         0  stm32f0xx_it.o ABSOLUTE
    ..\system_stm32f0xx.c                    0x00000000   Number         0  system_stm32f0xx.o ABSOLUTE
    cfcmple.s                                0x00000000   Number         0  cfcmple.o ABSOLUTE
    cfrcmple.s                               0x00000000   Number         0  cfrcmple.o ABSOLUTE
    dc.s                                     0x00000000   Number         0  dc.o ABSOLUTE
    handlers.s                               0x00000000   Number         0  handlers.o ABSOLUTE
    init.s                                   0x00000000   Number         0  init.o ABSOLUTE
    main.c                                   0x00000000   Number         0  main.o ABSOLUTE
    main.c                                   0x00000000   Number         0  main.o ABSOLUTE
    RESET                                    0x08000000   Section      176  startup_stm32f0xx_ld.o(RESET)
    .ARM.Collect$$$$00000000                 0x080000b0   Section        0  entry.o(.ARM.Collect$$$$00000000)
    .ARM.Collect$$$$00000001                 0x080000b0   Section        4  entry2.o(.ARM.Collect$$$$00000001)
    .ARM.Collect$$$$00000004                 0x080000b4   Section        4  entry5.o(.ARM.Collect$$$$00000004)
    .ARM.Collect$$$$00000008                 0x080000b8   Section        0  entry7b.o(.ARM.Collect$$$$00000008)
    .ARM.Collect$$$$0000000A                 0x080000b8   Section        0  entry8b.o(.ARM.Collect$$$$0000000A)
    .ARM.Collect$$$$0000000B                 0x080000b8   Section        8  entry9a.o(.ARM.Collect$$$$0000000B)
    .ARM.Collect$$$$0000000D                 0x080000c0   Section        0  entry10a.o(.ARM.Collect$$$$0000000D)
    .ARM.Collect$$$$0000000F                 0x080000c0   Section        0  entry11a.o(.ARM.Collect$$$$0000000F)
    .ARM.Collect$$$$00002712                 0x080000c0   Section        4  entry2.o(.ARM.Collect$$$$00002712)
    __lit__00000000                          0x080000c0   Data           4  entry2.o(.ARM.Collect$$$$00002712)
    .text                                    0x080000c4   Section       88  startup_stm32f0xx_ld.o(.text)
    .text                                    0x0800011c   Section        0  uidiv.o(.text)
    .text                                    0x08000148   Section        0  fadd.o(.text)
    .text                                    0x080001fa   Section        0  fmul.o(.text)
    .text                                    0x08000274   Section        0  fdiv.o(.text)
    .text                                    0x080002f0   Section        0  dadd.o(.text)
    .text                                    0x08000454   Section        0  dmul.o(.text)
    .text                                    0x08000524   Section        0  fflti.o(.text)
    .text                                    0x0800053a   Section        0  ffltui.o(.text)
    .text                                    0x08000548   Section        0  dflti.o(.text)
    .text                                    0x08000570   Section        0  ffixi.o(.text)
    .text                                    0x080005a2   Section        0  ffixui.o(.text)
    .text                                    0x080005ca   Section        0  d2f.o(.text)
    .text                                    0x08000604   Section       20  cfcmple.o(.text)
    .text                                    0x08000618   Section       20  cfrcmple.o(.text)
    .text                                    0x0800062c   Section        0  llshl.o(.text)
    .text                                    0x0800064c   Section        0  llsshr.o(.text)
    .text                                    0x08000672   Section        0  iusefp.o(.text)
    .text                                    0x08000672   Section        0  fepilogue.o(.text)
    .text                                    0x080006f4   Section        0  depilogue.o(.text)
    .text                                    0x080007b4   Section       36  init.o(.text)
    .text                                    0x080007d8   Section        0  llushr.o(.text)
    .text                                    0x080007fa   Section        0  __dczerorl.o(.text)
    i.ADC_ChannelConfig                      0x08000834   Section        0  stm32f0xx_adc.o(i.ADC_ChannelConfig)
    i.ADC_Cmd                                0x0800084c   Section        0  stm32f0xx_adc.o(i.ADC_Cmd)
    i.ADC_DMACmd                             0x08000864   Section        0  stm32f0xx_adc.o(i.ADC_DMACmd)
    i.ADC_DMARequestModeConfig               0x0800087c   Section        0  stm32f0xx_adc.o(i.ADC_DMARequestModeConfig)
    i.ADC_DeInit                             0x0800088c   Section        0  stm32f0xx_adc.o(i.ADC_DeInit)
    i.ADC_GetCalibrationFactor               0x080008ac   Section        0  stm32f0xx_adc.o(i.ADC_GetCalibrationFactor)
    i.ADC_GetFlagStatus                      0x080008e8   Section        0  stm32f0xx_adc.o(i.ADC_GetFlagStatus)
    i.ADC_Init                               0x08000918   Section        0  stm32f0xx_adc.o(i.ADC_Init)
    i.ADC_OverrunModeCmd                     0x08000944   Section        0  stm32f0xx_adc.o(i.ADC_OverrunModeCmd)
    i.ADC_StartOfConversion                  0x08000960   Section        0  stm32f0xx_adc.o(i.ADC_StartOfConversion)
    i.ADC_StructInit                         0x0800096a   Section        0  stm32f0xx_adc.o(i.ADC_StructInit)
    i.BSP_init                               0x0800097a   Section        0  main.o(i.BSP_init)
    i.CI_GetRegisterAState                   0x0800099c   Section        0  process.o(i.CI_GetRegisterAState)
    i.CI_Mode_SelfLearning                   0x08000f08   Section        0  process.o(i.CI_Mode_SelfLearning)
    i.CI_PWM_OUT                             0x080012ec   Section        0  process.o(i.CI_PWM_OUT)
    i.DMA1_Channel1_IRQHandler               0x080013f0   Section        0  main.o(i.DMA1_Channel1_IRQHandler)
    i.DMA_ClearITPendingBit                  0x0800143c   Section        0  stm32f0xx_dma.o(i.DMA_ClearITPendingBit)
    i.DMA_Cmd                                0x0800145c   Section        0  stm32f0xx_dma.o(i.DMA_Cmd)
    i.DMA_DeInit                             0x08001478   Section        0  stm32f0xx_dma.o(i.DMA_DeInit)
    i.DMA_GetITStatus                        0x080015dc   Section        0  stm32f0xx_dma.o(i.DMA_GetITStatus)
    i.DMA_ITConfig                           0x08001610   Section        0  stm32f0xx_dma.o(i.DMA_ITConfig)
    i.DMA_Init                               0x08001624   Section        0  stm32f0xx_dma.o(i.DMA_Init)
    i.DMA_StructInit                         0x08001664   Section        0  stm32f0xx_dma.o(i.DMA_StructInit)
    i.DataProcess                            0x08001680   Section        0  process.o(i.DataProcess)
    i.DelaymsSet                             0x08001730   Section        0  main.o(i.DelaymsSet)
    i.FLASH_ClearFlag                        0x08001744   Section        0  stm32f0xx_flash.o(i.FLASH_ClearFlag)
    i.FLASH_ErasePage                        0x08001750   Section        0  stm32f0xx_flash.o(i.FLASH_ErasePage)
    i.FLASH_GetStatus                        0x0800179c   Section        0  stm32f0xx_flash.o(i.FLASH_GetStatus)
    i.FLASH_Lock                             0x080017d8   Section        0  stm32f0xx_flash.o(i.FLASH_Lock)
    i.FLASH_ProgramWord                      0x080017ec   Section        0  stm32f0xx_flash.o(i.FLASH_ProgramWord)
    i.FLASH_Unlock                           0x08001858   Section        0  stm32f0xx_flash.o(i.FLASH_Unlock)
    i.FLASH_WaitForLastOperation             0x0800187c   Section        0  stm32f0xx_flash.o(i.FLASH_WaitForLastOperation)
    i.FlashCheck                             0x080018a4   Section        0  main.o(i.FlashCheck)
    i.Formula_100                            0x08001900   Section        0  main.o(i.Formula_100)
    i.GPIO_DEINIT_ALL                        0x080019b4   Section        0  main.o(i.GPIO_DEINIT_ALL)
    i.GPIO_INIT                              0x080019e6   Section        0  main.o(i.GPIO_INIT)
    i.GPIO_Init                              0x08001a6a   Section        0  stm32f0xx_gpio.o(i.GPIO_Init)
    i.GPIO_PWMOUT_Config                     0x08001afa   Section        0  main.o(i.GPIO_PWMOUT_Config)
    i.GPIO_ReadInputDataBit                  0x08001b56   Section        0  stm32f0xx_gpio.o(i.GPIO_ReadInputDataBit)
    i.GPIO_ReadOutputDataBit                 0x08001b6a   Section        0  stm32f0xx_gpio.o(i.GPIO_ReadOutputDataBit)
    i.GPIO_StructInit                        0x08001b80   Section        0  stm32f0xx_gpio.o(i.GPIO_StructInit)
    i.GPIO_WriteBit                          0x08001b98   Section        0  stm32f0xx_gpio.o(i.GPIO_WriteBit)
    i.GetEEPROM                              0x08001ba4   Section        0  process.o(i.GetEEPROM)
    i.Get_FB_Flag                            0x08001c28   Section        0  process.o(i.Get_FB_Flag)
    i.HardFault_Handler                      0x08001c3c   Section        0  stm32f0xx_it.o(i.HardFault_Handler)
    i.IWDG_Config                            0x08001c40   Section        0  main.o(i.IWDG_Config)
    i.IWDG_Enable                            0x08001c74   Section        0  stm32f0xx_iwdg.o(i.IWDG_Enable)
    i.IWDG_ReloadCounter                     0x08001c84   Section        0  stm32f0xx_iwdg.o(i.IWDG_ReloadCounter)
    i.IWDG_SetPrescaler                      0x08001c94   Section        0  stm32f0xx_iwdg.o(i.IWDG_SetPrescaler)
    i.IWDG_SetReload                         0x08001ca0   Section        0  stm32f0xx_iwdg.o(i.IWDG_SetReload)
    i.IWDG_WriteAccessCmd                    0x08001cac   Section        0  stm32f0xx_iwdg.o(i.IWDG_WriteAccessCmd)
    i.InitInternalFlash                      0x08001cb8   Section        0  flash.o(i.InitInternalFlash)
    i.MARK_GetRegisterAState                 0x08001cd8   Section        0  process.o(i.MARK_GetRegisterAState)
    i.MARK_Mode_SelfLearning                 0x08001ce8   Section        0  process.o(i.MARK_Mode_SelfLearning)
    i.MARK_PWM_OUT                           0x08001fc8   Section        0  process.o(i.MARK_PWM_OUT)
    i.NMI_Handler                            0x08002afc   Section        0  stm32f0xx_it.o(i.NMI_Handler)
    i.NVIC_Init                              0x08002b00   Section        0  stm32f0xx_misc.o(i.NVIC_Init)
    i.PendSV_Handler                         0x08002b70   Section        0  stm32f0xx_it.o(i.PendSV_Handler)
    i.ProgramCheck                           0x08002b74   Section        0  main.o(i.ProgramCheck)
    i.RCC_ADCCLKConfig                       0x08002bd0   Section        0  stm32f0xx_rcc.o(i.RCC_ADCCLKConfig)
    i.RCC_AHBPeriphClockCmd                  0x08002c08   Section        0  stm32f0xx_rcc.o(i.RCC_AHBPeriphClockCmd)
    i.RCC_APB1PeriphClockCmd                 0x08002c28   Section        0  stm32f0xx_rcc.o(i.RCC_APB1PeriphClockCmd)
    i.RCC_APB1PeriphResetCmd                 0x08002c48   Section        0  stm32f0xx_rcc.o(i.RCC_APB1PeriphResetCmd)
    i.RCC_APB2PeriphClockCmd                 0x08002c68   Section        0  stm32f0xx_rcc.o(i.RCC_APB2PeriphClockCmd)
    i.RCC_APB2PeriphResetCmd                 0x08002c88   Section        0  stm32f0xx_rcc.o(i.RCC_APB2PeriphResetCmd)
    i.RCC_ClearFlag                          0x08002ca8   Section        0  stm32f0xx_rcc.o(i.RCC_ClearFlag)
    i.RCC_Configuration                      0x08002cbc   Section        0  main.o(i.RCC_Configuration)
    i.RCC_GetClocksFreq                      0x08002cf8   Section        0  stm32f0xx_rcc.o(i.RCC_GetClocksFreq)
    i.RCC_GetFlagStatus                      0x08002f40   Section        0  stm32f0xx_rcc.o(i.RCC_GetFlagStatus)
    i.RCC_GetSYSCLKSource                    0x08002f88   Section        0  stm32f0xx_rcc.o(i.RCC_GetSYSCLKSource)
    i.RCC_PLLCmd                             0x08002f98   Section        0  stm32f0xx_rcc.o(i.RCC_PLLCmd)
    i.RCC_PLLConfig                          0x08002fc0   Section        0  stm32f0xx_rcc.o(i.RCC_PLLConfig)
    i.RCC_SYSCLKConfig                       0x08002fe4   Section        0  stm32f0xx_rcc.o(i.RCC_SYSCLKConfig)
    i.ReadFlash                              0x08003000   Section        0  flash.o(i.ReadFlash)
    i.ResetParameter                         0x08003030   Section        0  process.o(i.ResetParameter)
    i.SET_GOODBAD                            0x080030dc   Section        0  process.o(i.SET_GOODBAD)
    i.SVC_Handler                            0x080031a4   Section        0  stm32f0xx_it.o(i.SVC_Handler)
    i.SelfLearning                           0x080031a8   Section        0  process.o(i.SelfLearning)
    i.SetOut                                 0x080031ec   Section        0  process.o(i.SetOut)
    i.SetSysClock                            0x08003214   Section        0  system_stm32f0xx.o(i.SetSysClock)
    SetSysClock                              0x08003215   Thumb Code   206  system_stm32f0xx.o(i.SetSysClock)
    i.SysTick_Handler                        0x080032ec   Section        0  stm32f0xx_it.o(i.SysTick_Handler)
    i.SystemInit                             0x080032f0   Section        0  system_stm32f0xx.o(i.SystemInit)
    i.TIM14_Config                           0x0800336c   Section        0  main.o(i.TIM14_Config)
    i.TIM14_IRQHandler                       0x080033c0   Section        0  main.o(i.TIM14_IRQHandler)
    i.TIM1_BRK_UP_TRG_COM_IRQHandler         0x08003420   Section        0  main.o(i.TIM1_BRK_UP_TRG_COM_IRQHandler)
    i.TIM2_IRQHandler                        0x08003478   Section        0  main.o(i.TIM2_IRQHandler)
    i.TIM3_Config                            0x08003490   Section        0  main.o(i.TIM3_Config)
    i.TIM3_IRQHandler                        0x080034e8   Section        0  main.o(i.TIM3_IRQHandler)
    i.TIM_ClearFlag                          0x08003504   Section        0  stm32f0xx_tim.o(i.TIM_ClearFlag)
    i.TIM_ClearITPendingBit                  0x0800350a   Section        0  stm32f0xx_tim.o(i.TIM_ClearITPendingBit)
    i.TIM_Cmd                                0x08003510   Section        0  stm32f0xx_tim.o(i.TIM_Cmd)
    i.TIM_DeInit                             0x0800352c   Section        0  stm32f0xx_tim.o(i.TIM_DeInit)
    i.TIM_GetCounter                         0x08003630   Section        0  stm32f0xx_tim.o(i.TIM_GetCounter)
    i.TIM_GetITStatus                        0x08003636   Section        0  stm32f0xx_tim.o(i.TIM_GetITStatus)
    i.TIM_SetCounter                         0x0800365c   Section        0  stm32f0xx_tim.o(i.TIM_SetCounter)
    i.TIM_TimeBaseInit                       0x08003660   Section        0  stm32f0xx_tim.o(i.TIM_TimeBaseInit)
    i.TIM_TimeBaseStructInit                 0x080036dc   Section        0  stm32f0xx_tim.o(i.TIM_TimeBaseStructInit)
    i.WriteFlash                             0x080036f0   Section        0  flash.o(i.WriteFlash)
    i.WriteInternalFlash                     0x08003730   Section        0  flash.o(i.WriteInternalFlash)
    i.__ARM_clz                              0x08003754   Section        0  depilogue.o(i.__ARM_clz)
    i.__scatterload_copy                     0x08003782   Section       14  handlers.o(i.__scatterload_copy)
    i.__scatterload_null                     0x08003790   Section        2  handlers.o(i.__scatterload_null)
    i.__scatterload_zeroinit                 0x08003792   Section       14  handlers.o(i.__scatterload_zeroinit)
    i.adc_config                             0x080037a0   Section        0  main.o(i.adc_config)
    i.adc_dma_init                           0x08003818   Section        0  main.o(i.adc_dma_init)
    i.adc_gpio_init                          0x080038a4   Section        0  main.o(i.adc_gpio_init)
    i.main                                   0x080038d4   Section        0  main.o(i.main)
    i.scan_key                               0x08003924   Section        0  process.o(i.scan_key)
    .data                                    0x20000000   Section       52  main.o(.data)
    .data                                    0x20000034   Section      274  process.o(.data)
    .data                                    0x20000148   Section       92  flash.o(.data)
    .data                                    0x200001a4   Section       16  stm32f0xx_rcc.o(.data)
    APBAHBPrescTable                         0x200001a4   Data          16  stm32f0xx_rcc.o(.data)
    .bss                                     0x200001b4   Section     1624  main.o(.bss)
    .bss                                     0x2000080c   Section       96  process.o(.bss)
    STACK                                    0x20000870   Section     1024  startup_stm32f0xx_ld.o(STACK)

    Global Symbols

    Symbol Name                              Value     Ov Type        Size  Object(Section)

    BuildAttributes$$THM_ISAv3M$S$PE$A:L22$X:L11$S22$IEEE1$IW$USESV6$~STKCKD$USESV7$~SHL$OTIME$ROPI$EBA8$MICROLIB$REQ8$PRES8$EABIv2 0x00000000   Number         0  anon$$obj.o ABSOLUTE
    __ARM_use_no_argv                        0x00000000   Number         0  main.o ABSOLUTE
    __cpp_initialize__aeabi_                  - Undefined Weak Reference
    __cxa_finalize                            - Undefined Weak Reference
    _clock_init                               - Undefined Weak Reference
    _microlib_exit                            - Undefined Weak Reference
    __Vectors_Size                           0x000000b0   Number         0  startup_stm32f0xx_ld.o ABSOLUTE
    __Vectors                                0x08000000   Data           4  startup_stm32f0xx_ld.o(RESET)
    __Vectors_End                            0x080000b0   Data           0  startup_stm32f0xx_ld.o(RESET)
    __main                                   0x080000b1   Thumb Code     0  entry.o(.ARM.Collect$$$$00000000)
    _main_stk                                0x080000b1   Thumb Code     0  entry2.o(.ARM.Collect$$$$00000001)
    _main_scatterload                        0x080000b5   Thumb Code     0  entry5.o(.ARM.Collect$$$$00000004)
    __main_after_scatterload                 0x080000b9   Thumb Code     0  entry5.o(.ARM.Collect$$$$00000004)
    _main_clock                              0x080000b9   Thumb Code     0  entry7b.o(.ARM.Collect$$$$00000008)
    _main_cpp_init                           0x080000b9   Thumb Code     0  entry8b.o(.ARM.Collect$$$$0000000A)
    _main_init                               0x080000b9   Thumb Code     0  entry9a.o(.ARM.Collect$$$$0000000B)
    __rt_final_cpp                           0x080000c1   Thumb Code     0  entry10a.o(.ARM.Collect$$$$0000000D)
    __rt_final_exit                          0x080000c1   Thumb Code     0  entry11a.o(.ARM.Collect$$$$0000000F)
    Reset_Handler                            0x080000c5   Thumb Code    38  startup_stm32f0xx_ld.o(.text)
    ADC1_IRQHandler                          0x080000f5   Thumb Code     0  startup_stm32f0xx_ld.o(.text)
    DMA1_Channel2_3_IRQHandler               0x080000f5   Thumb Code     0  startup_stm32f0xx_ld.o(.text)
    DMA1_Channel4_5_IRQHandler               0x080000f5   Thumb Code     0  startup_stm32f0xx_ld.o(.text)
    EXTI0_1_IRQHandler                       0x080000f5   Thumb Code     0  startup_stm32f0xx_ld.o(.text)
    EXTI2_3_IRQHandler                       0x080000f5   Thumb Code     0  startup_stm32f0xx_ld.o(.text)
    EXTI4_15_IRQHandler                      0x080000f5   Thumb Code     0  startup_stm32f0xx_ld.o(.text)
    FLASH_IRQHandler                         0x080000f5   Thumb Code     0  startup_stm32f0xx_ld.o(.text)
    I2C1_IRQHandler                          0x080000f5   Thumb Code     0  startup_stm32f0xx_ld.o(.text)
    PVD_IRQHandler                           0x080000f5   Thumb Code     0  startup_stm32f0xx_ld.o(.text)
    RCC_IRQHandler                           0x080000f5   Thumb Code     0  startup_stm32f0xx_ld.o(.text)
    RTC_IRQHandler                           0x080000f5   Thumb Code     0  startup_stm32f0xx_ld.o(.text)
    SPI1_IRQHandler                          0x080000f5   Thumb Code     0  startup_stm32f0xx_ld.o(.text)
    TIM16_IRQHandler                         0x080000f5   Thumb Code     0  startup_stm32f0xx_ld.o(.text)
    TIM17_IRQHandler                         0x080000f5   Thumb Code     0  startup_stm32f0xx_ld.o(.text)
    TIM1_CC_IRQHandler                       0x080000f5   Thumb Code     0  startup_stm32f0xx_ld.o(.text)
    USART1_IRQHandler                        0x080000f5   Thumb Code     0  startup_stm32f0xx_ld.o(.text)
    WWDG_IRQHandler                          0x080000f5   Thumb Code     0  startup_stm32f0xx_ld.o(.text)
    __aeabi_uidiv                            0x0800011d   Thumb Code     0  uidiv.o(.text)
    __aeabi_uidivmod                         0x0800011d   Thumb Code    44  uidiv.o(.text)
    __aeabi_fadd                             0x08000149   Thumb Code   162  fadd.o(.text)
    __aeabi_fsub                             0x080001eb   Thumb Code     8  fadd.o(.text)
    __aeabi_frsub                            0x080001f3   Thumb Code     8  fadd.o(.text)
    __aeabi_fmul                             0x080001fb   Thumb Code   122  fmul.o(.text)
    __aeabi_fdiv                             0x08000275   Thumb Code   124  fdiv.o(.text)
    __aeabi_dadd                             0x080002f1   Thumb Code   328  dadd.o(.text)
    __aeabi_dsub                             0x08000439   Thumb Code    12  dadd.o(.text)
    __aeabi_drsub                            0x08000445   Thumb Code    12  dadd.o(.text)
    __aeabi_dmul                             0x08000455   Thumb Code   202  dmul.o(.text)
    __aeabi_i2f                              0x08000525   Thumb Code    22  fflti.o(.text)
    __aeabi_ui2f                             0x0800053b   Thumb Code    14  ffltui.o(.text)
    __aeabi_i2d                              0x08000549   Thumb Code    34  dflti.o(.text)
    __aeabi_f2iz                             0x08000571   Thumb Code    50  ffixi.o(.text)
    __aeabi_f2uiz                            0x080005a3   Thumb Code    40  ffixui.o(.text)
    __aeabi_d2f                              0x080005cb   Thumb Code    56  d2f.o(.text)
    __aeabi_cfcmpeq                          0x08000605   Thumb Code     0  cfcmple.o(.text)
    __aeabi_cfcmple                          0x08000605   Thumb Code    20  cfcmple.o(.text)
    __aeabi_cfrcmple                         0x08000619   Thumb Code    20  cfrcmple.o(.text)
    __aeabi_llsl                             0x0800062d   Thumb Code    32  llshl.o(.text)
    _ll_shift_l                              0x0800062d   Thumb Code     0  llshl.o(.text)
    __aeabi_lasr                             0x0800064d   Thumb Code    38  llsshr.o(.text)
    _ll_sshift_r                             0x0800064d   Thumb Code     0  llsshr.o(.text)
    __I$use$fp                               0x08000673   Thumb Code     0  iusefp.o(.text)
    _float_round                             0x08000673   Thumb Code    16  fepilogue.o(.text)
    _float_epilogue                          0x08000683   Thumb Code   114  fepilogue.o(.text)
    _double_round                            0x080006f5   Thumb Code    26  depilogue.o(.text)
    _double_epilogue                         0x0800070f   Thumb Code   164  depilogue.o(.text)
    __scatterload                            0x080007b5   Thumb Code    28  init.o(.text)
    __scatterload_rt2                        0x080007b5   Thumb Code     0  init.o(.text)
    __aeabi_llsr                             0x080007d9   Thumb Code    34  llushr.o(.text)
    _ll_ushift_r                             0x080007d9   Thumb Code     0  llushr.o(.text)
    __decompress                             0x080007fb   Thumb Code     0  __dczerorl.o(.text)
    __decompress0                            0x080007fb   Thumb Code    58  __dczerorl.o(.text)
    ADC_ChannelConfig                        0x08000835   Thumb Code    24  stm32f0xx_adc.o(i.ADC_ChannelConfig)
    ADC_Cmd                                  0x0800084d   Thumb Code    24  stm32f0xx_adc.o(i.ADC_Cmd)
    ADC_DMACmd                               0x08000865   Thumb Code    24  stm32f0xx_adc.o(i.ADC_DMACmd)
    ADC_DMARequestModeConfig                 0x0800087d   Thumb Code    16  stm32f0xx_adc.o(i.ADC_DMARequestModeConfig)
    ADC_DeInit                               0x0800088d   Thumb Code    28  stm32f0xx_adc.o(i.ADC_DeInit)
    ADC_GetCalibrationFactor                 0x080008ad   Thumb Code    60  stm32f0xx_adc.o(i.ADC_GetCalibrationFactor)
    ADC_GetFlagStatus                        0x080008e9   Thumb Code    48  stm32f0xx_adc.o(i.ADC_GetFlagStatus)
    ADC_Init                                 0x08000919   Thumb Code    40  stm32f0xx_adc.o(i.ADC_Init)
    ADC_OverrunModeCmd                       0x08000945   Thumb Code    28  stm32f0xx_adc.o(i.ADC_OverrunModeCmd)
    ADC_StartOfConversion                    0x08000961   Thumb Code    10  stm32f0xx_adc.o(i.ADC_StartOfConversion)
    ADC_StructInit                           0x0800096b   Thumb Code    16  stm32f0xx_adc.o(i.ADC_StructInit)
    BSP_init                                 0x0800097b   Thumb Code    32  main.o(i.BSP_init)
    CI_GetRegisterAState                     0x0800099d   Thumb Code  1350  process.o(i.CI_GetRegisterAState)
    CI_Mode_SelfLearning                     0x08000f09   Thumb Code   876  process.o(i.CI_Mode_SelfLearning)
    CI_PWM_OUT                               0x080012ed   Thumb Code   246  process.o(i.CI_PWM_OUT)
    DMA1_Channel1_IRQHandler                 0x080013f1   Thumb Code    54  main.o(i.DMA1_Channel1_IRQHandler)
    DMA_ClearITPendingBit                    0x0800143d   Thumb Code    22  stm32f0xx_dma.o(i.DMA_ClearITPendingBit)
    DMA_Cmd                                  0x0800145d   Thumb Code    24  stm32f0xx_dma.o(i.DMA_Cmd)
    DMA_DeInit                               0x08001479   Thumb Code   342  stm32f0xx_dma.o(i.DMA_DeInit)
    DMA_GetITStatus                          0x080015dd   Thumb Code    42  stm32f0xx_dma.o(i.DMA_GetITStatus)
    DMA_ITConfig                             0x08001611   Thumb Code    20  stm32f0xx_dma.o(i.DMA_ITConfig)
    DMA_Init                                 0x08001625   Thumb Code    58  stm32f0xx_dma.o(i.DMA_Init)
    DMA_StructInit                           0x08001665   Thumb Code    26  stm32f0xx_dma.o(i.DMA_StructInit)
    DataProcess                              0x08001681   Thumb Code   150  process.o(i.DataProcess)
    DelaymsSet                               0x08001731   Thumb Code    18  main.o(i.DelaymsSet)
    FLASH_ClearFlag                          0x08001745   Thumb Code     6  stm32f0xx_flash.o(i.FLASH_ClearFlag)
    FLASH_ErasePage                          0x08001751   Thumb Code    72  stm32f0xx_flash.o(i.FLASH_ErasePage)
    FLASH_GetStatus                          0x0800179d   Thumb Code    54  stm32f0xx_flash.o(i.FLASH_GetStatus)
    FLASH_Lock                               0x080017d9   Thumb Code    14  stm32f0xx_flash.o(i.FLASH_Lock)
    FLASH_ProgramWord                        0x080017ed   Thumb Code   104  stm32f0xx_flash.o(i.FLASH_ProgramWord)
    FLASH_Unlock                             0x08001859   Thumb Code    24  stm32f0xx_flash.o(i.FLASH_Unlock)
    FLASH_WaitForLastOperation               0x0800187d   Thumb Code    40  stm32f0xx_flash.o(i.FLASH_WaitForLastOperation)
    FlashCheck                               0x080018a5   Thumb Code    72  main.o(i.FlashCheck)
    Formula_100                              0x08001901   Thumb Code   170  main.o(i.Formula_100)
    GPIO_DEINIT_ALL                          0x080019b5   Thumb Code    50  main.o(i.GPIO_DEINIT_ALL)
    GPIO_INIT                                0x080019e7   Thumb Code   132  main.o(i.GPIO_INIT)
    GPIO_Init                                0x08001a6b   Thumb Code   144  stm32f0xx_gpio.o(i.GPIO_Init)
    GPIO_PWMOUT_Config                       0x08001afb   Thumb Code    92  main.o(i.GPIO_PWMOUT_Config)
    GPIO_ReadInputDataBit                    0x08001b57   Thumb Code    20  stm32f0xx_gpio.o(i.GPIO_ReadInputDataBit)
    GPIO_ReadOutputDataBit                   0x08001b6b   Thumb Code    20  stm32f0xx_gpio.o(i.GPIO_ReadOutputDataBit)
    GPIO_StructInit                          0x08001b81   Thumb Code    20  stm32f0xx_gpio.o(i.GPIO_StructInit)
    GPIO_WriteBit                            0x08001b99   Thumb Code    12  stm32f0xx_gpio.o(i.GPIO_WriteBit)
    GetEEPROM                                0x08001ba5   Thumb Code    74  process.o(i.GetEEPROM)
    Get_FB_Flag                              0x08001c29   Thumb Code    20  process.o(i.Get_FB_Flag)
    HardFault_Handler                        0x08001c3d   Thumb Code     4  stm32f0xx_it.o(i.HardFault_Handler)
    IWDG_Config                              0x08001c41   Thumb Code    46  main.o(i.IWDG_Config)
    IWDG_Enable                              0x08001c75   Thumb Code     8  stm32f0xx_iwdg.o(i.IWDG_Enable)
    IWDG_ReloadCounter                       0x08001c85   Thumb Code     8  stm32f0xx_iwdg.o(i.IWDG_ReloadCounter)
    IWDG_SetPrescaler                        0x08001c95   Thumb Code     6  stm32f0xx_iwdg.o(i.IWDG_SetPrescaler)
    IWDG_SetReload                           0x08001ca1   Thumb Code     6  stm32f0xx_iwdg.o(i.IWDG_SetReload)
    IWDG_WriteAccessCmd                      0x08001cad   Thumb Code     6  stm32f0xx_iwdg.o(i.IWDG_WriteAccessCmd)
    InitInternalFlash                        0x08001cb9   Thumb Code    32  flash.o(i.InitInternalFlash)
    MARK_GetRegisterAState                   0x08001cd9   Thumb Code    12  process.o(i.MARK_GetRegisterAState)
    MARK_Mode_SelfLearning                   0x08001ce9   Thumb Code   658  process.o(i.MARK_Mode_SelfLearning)
    MARK_PWM_OUT                             0x08001fc9   Thumb Code  2796  process.o(i.MARK_PWM_OUT)
    NMI_Handler                              0x08002afd   Thumb Code     2  stm32f0xx_it.o(i.NMI_Handler)
    NVIC_Init                                0x08002b01   Thumb Code   106  stm32f0xx_misc.o(i.NVIC_Init)
    PendSV_Handler                           0x08002b71   Thumb Code     2  stm32f0xx_it.o(i.PendSV_Handler)
    ProgramCheck                             0x08002b75   Thumb Code    80  main.o(i.ProgramCheck)
    RCC_ADCCLKConfig                         0x08002bd1   Thumb Code    52  stm32f0xx_rcc.o(i.RCC_ADCCLKConfig)
    RCC_AHBPeriphClockCmd                    0x08002c09   Thumb Code    28  stm32f0xx_rcc.o(i.RCC_AHBPeriphClockCmd)
    RCC_APB1PeriphClockCmd                   0x08002c29   Thumb Code    28  stm32f0xx_rcc.o(i.RCC_APB1PeriphClockCmd)
    RCC_APB1PeriphResetCmd                   0x08002c49   Thumb Code    28  stm32f0xx_rcc.o(i.RCC_APB1PeriphResetCmd)
    RCC_APB2PeriphClockCmd                   0x08002c69   Thumb Code    28  stm32f0xx_rcc.o(i.RCC_APB2PeriphClockCmd)
    RCC_APB2PeriphResetCmd                   0x08002c89   Thumb Code    28  stm32f0xx_rcc.o(i.RCC_APB2PeriphResetCmd)
    RCC_ClearFlag                            0x08002ca9   Thumb Code    16  stm32f0xx_rcc.o(i.RCC_ClearFlag)
    RCC_Configuration                        0x08002cbd   Thumb Code    56  main.o(i.RCC_Configuration)
    RCC_GetClocksFreq                        0x08002cf9   Thumb Code   554  stm32f0xx_rcc.o(i.RCC_GetClocksFreq)
    RCC_GetFlagStatus                        0x08002f41   Thumb Code    68  stm32f0xx_rcc.o(i.RCC_GetFlagStatus)
    RCC_GetSYSCLKSource                      0x08002f89   Thumb Code    10  stm32f0xx_rcc.o(i.RCC_GetSYSCLKSource)
    RCC_PLLCmd                               0x08002f99   Thumb Code    36  stm32f0xx_rcc.o(i.RCC_PLLCmd)
    RCC_PLLConfig                            0x08002fc1   Thumb Code    30  stm32f0xx_rcc.o(i.RCC_PLLConfig)
    RCC_SYSCLKConfig                         0x08002fe5   Thumb Code    24  stm32f0xx_rcc.o(i.RCC_SYSCLKConfig)
    ReadFlash                                0x08003001   Thumb Code    44  flash.o(i.ReadFlash)
    ResetParameter                           0x08003031   Thumb Code   114  process.o(i.ResetParameter)
    SET_GOODBAD                              0x080030dd   Thumb Code   174  process.o(i.SET_GOODBAD)
    SVC_Handler                              0x080031a5   Thumb Code     2  stm32f0xx_it.o(i.SVC_Handler)
    SelfLearning                             0x080031a9   Thumb Code    58  process.o(i.SelfLearning)
    SetOut                                   0x080031ed   Thumb Code    38  process.o(i.SetOut)
    SysTick_Handler                          0x080032ed   Thumb Code     2  stm32f0xx_it.o(i.SysTick_Handler)
    SystemInit                               0x080032f1   Thumb Code   110  system_stm32f0xx.o(i.SystemInit)
    TIM14_Config                             0x0800336d   Thumb Code    80  main.o(i.TIM14_Config)
    TIM14_IRQHandler                         0x080033c1   Thumb Code    86  main.o(i.TIM14_IRQHandler)
    TIM1_BRK_UP_TRG_COM_IRQHandler           0x08003421   Thumb Code    84  main.o(i.TIM1_BRK_UP_TRG_COM_IRQHandler)
    TIM2_IRQHandler                          0x08003479   Thumb Code    24  main.o(i.TIM2_IRQHandler)
    TIM3_Config                              0x08003491   Thumb Code    82  main.o(i.TIM3_Config)
    TIM3_IRQHandler                          0x080034e9   Thumb Code    24  main.o(i.TIM3_IRQHandler)
    TIM_ClearFlag                            0x08003505   Thumb Code     6  stm32f0xx_tim.o(i.TIM_ClearFlag)
    TIM_ClearITPendingBit                    0x0800350b   Thumb Code     6  stm32f0xx_tim.o(i.TIM_ClearITPendingBit)
    TIM_Cmd                                  0x08003511   Thumb Code    24  stm32f0xx_tim.o(i.TIM_Cmd)
    TIM_DeInit                               0x0800352d   Thumb Code   228  stm32f0xx_tim.o(i.TIM_DeInit)
    TIM_GetCounter                           0x08003631   Thumb Code     6  stm32f0xx_tim.o(i.TIM_GetCounter)
    TIM_GetITStatus                          0x08003637   Thumb Code    38  stm32f0xx_tim.o(i.TIM_GetITStatus)
    TIM_SetCounter                           0x0800365d   Thumb Code     4  stm32f0xx_tim.o(i.TIM_SetCounter)
    TIM_TimeBaseInit                         0x08003661   Thumb Code    90  stm32f0xx_tim.o(i.TIM_TimeBaseInit)
    TIM_TimeBaseStructInit                   0x080036dd   Thumb Code    18  stm32f0xx_tim.o(i.TIM_TimeBaseStructInit)
    WriteFlash                               0x080036f1   Thumb Code    60  flash.o(i.WriteFlash)
    WriteInternalFlash                       0x08003731   Thumb Code    36  flash.o(i.WriteInternalFlash)
    __ARM_clz                                0x08003755   Thumb Code    46  depilogue.o(i.__ARM_clz)
    __scatterload_copy                       0x08003783   Thumb Code    14  handlers.o(i.__scatterload_copy)
    __scatterload_null                       0x08003791   Thumb Code     2  handlers.o(i.__scatterload_null)
    __scatterload_zeroinit                   0x08003793   Thumb Code    14  handlers.o(i.__scatterload_zeroinit)
    adc_config                               0x080037a1   Thumb Code   110  main.o(i.adc_config)
    adc_dma_init                             0x08003819   Thumb Code   126  main.o(i.adc_dma_init)
    adc_gpio_init                            0x080038a5   Thumb Code    48  main.o(i.adc_gpio_init)
    main                                     0x080038d5   Thumb Code    66  main.o(i.main)
    scan_key                                 0x08003925   Thumb Code   116  process.o(i.scan_key)
    Region$$Table$$Base                      0x080039a0   Number         0  anon$$obj.o(Region$$Table)
    Region$$Table$$Limit                     0x080039c0   Number         0  anon$$obj.o(Region$$Table)
    sample_finish                            0x20000000   Data           1  main.o(.data)
    sample_index                             0x20000001   Data           1  main.o(.data)
    PWM_Step                                 0x20000002   Data           1  main.o(.data)
    PWM_Start_Flag                           0x20000003   Data           1  main.o(.data)
    PWM_Start_Counter                        0x20000004   Data           1  main.o(.data)
    PWM_TimeCounter                          0x20000005   Data           1  main.o(.data)
    captureX                                 0x20000006   Data           2  main.o(.data)
    captureY                                 0x20000008   Data           2  main.o(.data)
    captureZ                                 0x2000000a   Data           2  main.o(.data)
    RunTime                                  0x2000000c   Data           2  main.o(.data)
    ADCIndex                                 0x2000000e   Data           1  main.o(.data)
    DMAIndex                                 0x2000000f   Data           1  main.o(.data)
    ADC_Conversion_Flag                      0x20000010   Data           1  main.o(.data)
    CheckFLag                                0x20000011   Data           1  main.o(.data)
    UID                                      0x20000014   Data           4  main.o(.data)
    Fml_Constant                             0x20000018   Data           4  main.o(.data)
    C                                        0x2000001c   Data           4  main.o(.data)
    FormulaResult                            0x20000020   Data           4  main.o(.data)
    FormulaCheck                             0x20000024   Data           4  main.o(.data)
    UIDFlashResult                           0x20000028   Data           4  main.o(.data)
    Fml_CRC16                                0x2000002c   Data           2  main.o(.data)
    ProgramCounter                           0x20000030   Data           4  main.o(.data)
    ADC_value                                0x20000034   Data           4  process.o(.data)
    ShortCircuit                             0x20000038   Data           1  process.o(.data)
    ConfirmShortCircuit                      0x20000039   Data           1  process.o(.data)
    ShortCircuitTimer                        0x2000003c   Data           4  process.o(.data)
    ShortCircuitCounter                      0x20000040   Data           4  process.o(.data)
    ShortCircuitLastTime                     0x20000044   Data           4  process.o(.data)
    RegisterA                                0x20000048   Data           1  process.o(.data)
    RegisterA_Comfirm                        0x20000049   Data           1  process.o(.data)
    OUT                                      0x2000004a   Data           1  process.o(.data)
    SXA_B                                    0x2000004c   Data           8  process.o(.data)
    SYA_B                                    0x20000054   Data           8  process.o(.data)
    SZA_B                                    0x2000005c   Data           8  process.o(.data)
    X                                        0x20000064   Data           4  process.o(.data)
    Y                                        0x20000068   Data           4  process.o(.data)
    Z                                        0x2000006c   Data           4  process.o(.data)
    BIG                                      0x20000070   Data           4  process.o(.data)
    SelfLADC                                 0x20000074   Data           4  process.o(.data)
    SelfGetADCWell                           0x20000078   Data           1  process.o(.data)
    temppp                                   0x2000007c   Data           4  process.o(.data)
    CurrentPWM                               0x20000080   Data           1  process.o(.data)
    S_Last                                   0x20000084   Data           4  process.o(.data)
    S_Current                                0x20000088   Data           4  process.o(.data)
    S_History                                0x2000008c   Data           4  process.o(.data)
    S_FINAL                                  0x20000090   Data           4  process.o(.data)
    CICurrentThreshold                       0x20000094   Data           4  process.o(.data)
    MAKCurrentThreshold                      0x20000098   Data           4  process.o(.data)
    RegisterACounter                         0x2000009c   Data           4  process.o(.data)
    KeyTime                                  0x200000a0   Data           1  process.o(.data)
    key_counter                              0x200000a2   Data           2  process.o(.data)
    scan_tick                                0x200000a4   Data           2  process.o(.data)
    KeyIndex                                 0x200000a6   Data           1  process.o(.data)
    EnterSelfFlag                            0x200000a7   Data           1  process.o(.data)
    CXA_B                                    0x200000a8   Data           8  process.o(.data)
    CYA_B                                    0x200000b0   Data           8  process.o(.data)
    CZA_B                                    0x200000b8   Data           8  process.o(.data)
    SA_B                                     0x200000c0   Data           8  process.o(.data)
    FB_Flag                                  0x200000c8   Data           1  process.o(.data)
    NXSET                                    0x200000cc   Data           4  process.o(.data)
    NYSET                                    0x200000d0   Data           4  process.o(.data)
    NZSET                                    0x200000d4   Data           4  process.o(.data)
    NS_SET                                   0x200000d8   Data           4  process.o(.data)
    NXYZ_SET                                 0x200000dc   Data           4  process.o(.data)
    SX_RUN                                   0x200000e0   Data           4  process.o(.data)
    SY_RUN                                   0x200000e4   Data           4  process.o(.data)
    SZ_RUN                                   0x200000e8   Data           4  process.o(.data)
    S_RUN_TOTAL                              0x200000ec   Data           4  process.o(.data)
    CX_RUN                                   0x200000f0   Data           4  process.o(.data)
    CY_RUN                                   0x200000f4   Data           4  process.o(.data)
    CZ_RUN                                   0x200000f8   Data           4  process.o(.data)
    NS_RUN                                   0x200000fc   Data           4  process.o(.data)
    NXYZ_RUN                                 0x20000100   Data           4  process.o(.data)
    CX                                       0x20000104   Data           4  process.o(.data)
    CY                                       0x20000108   Data           4  process.o(.data)
    CZ                                       0x2000010c   Data           4  process.o(.data)
    SCI                                      0x20000110   Data           4  process.o(.data)
    SMARK                                    0x20000114   Data           4  process.o(.data)
    SCI_Min                                  0x20000118   Data           4  process.o(.data)
    SCI_Max                                  0x2000011c   Data           4  process.o(.data)
    DX_Max                                   0x20000120   Data           2  process.o(.data)
    DX_Min                                   0x20000122   Data           2  process.o(.data)
    DX_Index                                 0x20000124   Data           1  process.o(.data)
    DX                                       0x20000128   Data           4  process.o(.data)
    DX2_Max                                  0x2000012c   Data           2  process.o(.data)
    DX2_Min                                  0x2000012e   Data           2  process.o(.data)
    DX2_Index                                0x20000130   Data           1  process.o(.data)
    DX2                                      0x20000134   Data           4  process.o(.data)
    GoodBadTime                              0x20000138   Data           2  process.o(.data)
    FLASHData                                0x2000013c   Data           4  process.o(.data)
    CI_PWMx_y_z_Counter                      0x20000140   Data           1  process.o(.data)
    CI_PWMx_y_z_TotalCounter                 0x20000141   Data           1  process.o(.data)
    RegisterA_1Counter                       0x20000142   Data           1  process.o(.data)
    RegisterA_0Counter                       0x20000143   Data           1  process.o(.data)
    MAK_PWMx_y_z_Counter                     0x20000144   Data           1  process.o(.data)
    MAK_PWMx_y_z_TotalCounter                0x20000145   Data           1  process.o(.data)
    OUT1_ModeFlashChannel                    0x20000148   Data           8  flash.o(.data)
    OUT1_ValueFlashChannel                   0x20000150   Data           8  flash.o(.data)
    CSVFlashChannel                          0x20000158   Data           8  flash.o(.data)
    Threshold_ModeFlashChannel               0x20000160   Data           8  flash.o(.data)
    DACOUT_ModeFlashChannel                  0x20000168   Data           8  flash.o(.data)
    KEY_ModeFlashChannel                     0x20000170   Data           8  flash.o(.data)
    RegisterB_ModeFlashChannel               0x20000178   Data           8  flash.o(.data)
    DEL_ModeFlashChannel                     0x20000180   Data           8  flash.o(.data)
    HI_ModeFlashChannel                      0x20000188   Data           8  flash.o(.data)
    LO_ModeFlashChannel                      0x20000190   Data           8  flash.o(.data)
    DETECT_ModeFlashChannel                  0x20000198   Data           8  flash.o(.data)
    tempflashdata                            0x200001a0   Data           4  flash.o(.data)
    adc_dma_tab                              0x200001b4   Data          12  main.o(.bss)
    sample_1                                 0x200001c0   Data         256  main.o(.bss)
    sample_2                                 0x200002c0   Data         256  main.o(.bss)
    sample_3                                 0x200003c0   Data         256  main.o(.bss)
    sample_4                                 0x200004c0   Data         256  main.o(.bss)
    sample_5                                 0x200005c0   Data         256  main.o(.bss)
    sample_6                                 0x200006c0   Data         256  main.o(.bss)
    SysClock                                 0x200007c0   Data          40  main.o(.bss)
    selfADCValue                             0x200007e8   Data          24  main.o(.bss)
    D                                        0x20000800   Data          12  main.o(.bss)
    SX                                       0x2000080c   Data          16  process.o(.bss)
    SY                                       0x2000081c   Data          16  process.o(.bss)
    SZ                                       0x2000082c   Data          16  process.o(.bss)
    DX_Data                                  0x2000083c   Data          32  process.o(.bss)
    DX2_Data                                 0x2000085c   Data          16  process.o(.bss)
    __initial_sp                             0x20000c70   Data           0  startup_stm32f0xx_ld.o(STACK)



==============================================================================

Memory Map of the image

  Image Entry point : 0x080000b1

  Load Region LR_IROM1 (Base: 0x08000000, Size: 0x00003b74, Max: 0x00008000, ABSOLUTE, COMPRESSED[0x000039f4])

    Execution Region ER_IROM1 (Exec base: 0x08000000, Load base: 0x08000000, Size: 0x000039c0, Max: 0x00008000, ABSOLUTE)

    Exec Addr    Load Addr    Size         Type   Attr      Idx    E Section Name        Object

    0x08000000   0x08000000   0x000000b0   Data   RO         4143    RESET               startup_stm32f0xx_ld.o
    0x080000b0   0x080000b0   0x00000000   Code   RO         4148  * .ARM.Collect$$$$00000000  mc_p.l(entry.o)
    0x080000b0   0x080000b0   0x00000004   Code   RO         4179    .ARM.Collect$$$$00000001  mc_p.l(entry2.o)
    0x080000b4   0x080000b4   0x00000004   Code   RO         4182    .ARM.Collect$$$$00000004  mc_p.l(entry5.o)
    0x080000b8   0x080000b8   0x00000000   Code   RO         4184    .ARM.Collect$$$$00000008  mc_p.l(entry7b.o)
    0x080000b8   0x080000b8   0x00000000   Code   RO         4186    .ARM.Collect$$$$0000000A  mc_p.l(entry8b.o)
    0x080000b8   0x080000b8   0x00000008   Code   RO         4187    .ARM.Collect$$$$0000000B  mc_p.l(entry9a.o)
    0x080000c0   0x080000c0   0x00000000   Code   RO         4189    .ARM.Collect$$$$0000000D  mc_p.l(entry10a.o)
    0x080000c0   0x080000c0   0x00000000   Code   RO         4191    .ARM.Collect$$$$0000000F  mc_p.l(entry11a.o)
    0x080000c0   0x080000c0   0x00000004   Code   RO         4180    .ARM.Collect$$$$00002712  mc_p.l(entry2.o)
    0x080000c4   0x080000c4   0x00000058   Code   RO         4144    .text               startup_stm32f0xx_ld.o
    0x0800011c   0x0800011c   0x0000002c   Code   RO         4151    .text               mc_p.l(uidiv.o)
    0x08000148   0x08000148   0x000000b2   Code   RO         4153    .text               mf_p.l(fadd.o)
    0x080001fa   0x080001fa   0x0000007a   Code   RO         4155    .text               mf_p.l(fmul.o)
    0x08000274   0x08000274   0x0000007c   Code   RO         4157    .text               mf_p.l(fdiv.o)
    0x080002f0   0x080002f0   0x00000164   Code   RO         4159    .text               mf_p.l(dadd.o)
    0x08000454   0x08000454   0x000000d0   Code   RO         4161    .text               mf_p.l(dmul.o)
    0x08000524   0x08000524   0x00000016   Code   RO         4163    .text               mf_p.l(fflti.o)
    0x0800053a   0x0800053a   0x0000000e   Code   RO         4165    .text               mf_p.l(ffltui.o)
    0x08000548   0x08000548   0x00000028   Code   RO         4167    .text               mf_p.l(dflti.o)
    0x08000570   0x08000570   0x00000032   Code   RO         4169    .text               mf_p.l(ffixi.o)
    0x080005a2   0x080005a2   0x00000028   Code   RO         4171    .text               mf_p.l(ffixui.o)
    0x080005ca   0x080005ca   0x00000038   Code   RO         4173    .text               mf_p.l(d2f.o)
    0x08000602   0x08000602   0x00000002   PAD
    0x08000604   0x08000604   0x00000014   Code   RO         4175    .text               mf_p.l(cfcmple.o)
    0x08000618   0x08000618   0x00000014   Code   RO         4177    .text               mf_p.l(cfrcmple.o)
    0x0800062c   0x0800062c   0x00000020   Code   RO         4193    .text               mc_p.l(llshl.o)
    0x0800064c   0x0800064c   0x00000026   Code   RO         4195    .text               mc_p.l(llsshr.o)
    0x08000672   0x08000672   0x00000000   Code   RO         4197    .text               mc_p.l(iusefp.o)
    0x08000672   0x08000672   0x00000082   Code   RO         4198    .text               mf_p.l(fepilogue.o)
    0x080006f4   0x080006f4   0x000000be   Code   RO         4200    .text               mf_p.l(depilogue.o)
    0x080007b2   0x080007b2   0x00000002   PAD
    0x080007b4   0x080007b4   0x00000024   Code   RO         4204    .text               mc_p.l(init.o)
    0x080007d8   0x080007d8   0x00000022   Code   RO         4206    .text               mc_p.l(llushr.o)
    0x080007fa   0x080007fa   0x0000003a   Code   RO         4216    .text               mc_p.l(__dczerorl.o)
    0x08000834   0x08000834   0x00000018   Code   RO          524    i.ADC_ChannelConfig  stm32f0xx_adc.o
    0x0800084c   0x0800084c   0x00000018   Code   RO          528    i.ADC_Cmd           stm32f0xx_adc.o
    0x08000864   0x08000864   0x00000018   Code   RO          530    i.ADC_DMACmd        stm32f0xx_adc.o
    0x0800087c   0x0800087c   0x00000010   Code   RO          531    i.ADC_DMARequestModeConfig  stm32f0xx_adc.o
    0x0800088c   0x0800088c   0x00000020   Code   RO          532    i.ADC_DeInit        stm32f0xx_adc.o
    0x080008ac   0x080008ac   0x0000003c   Code   RO          534    i.ADC_GetCalibrationFactor  stm32f0xx_adc.o
    0x080008e8   0x080008e8   0x00000030   Code   RO          536    i.ADC_GetFlagStatus  stm32f0xx_adc.o
    0x08000918   0x08000918   0x0000002c   Code   RO          539    i.ADC_Init          stm32f0xx_adc.o
    0x08000944   0x08000944   0x0000001c   Code   RO          541    i.ADC_OverrunModeCmd  stm32f0xx_adc.o
    0x08000960   0x08000960   0x0000000a   Code   RO          542    i.ADC_StartOfConversion  stm32f0xx_adc.o
    0x0800096a   0x0800096a   0x00000010   Code   RO          544    i.ADC_StructInit    stm32f0xx_adc.o
    0x0800097a   0x0800097a   0x00000020   Code   RO          147    i.BSP_init          main.o
    0x0800099a   0x0800099a   0x00000002   PAD
    0x0800099c   0x0800099c   0x0000056c   Code   RO          357    i.CI_GetRegisterAState  process.o
    0x08000f08   0x08000f08   0x000003e4   Code   RO          358    i.CI_Mode_SelfLearning  process.o
    0x080012ec   0x080012ec   0x00000104   Code   RO          359    i.CI_PWM_OUT        process.o
    0x080013f0   0x080013f0   0x0000004c   Code   RO          148    i.DMA1_Channel1_IRQHandler  main.o
    0x0800143c   0x0800143c   0x00000020   Code   RO         1435    i.DMA_ClearITPendingBit  stm32f0xx_dma.o
    0x0800145c   0x0800145c   0x0000001c   Code   RO         1436    i.DMA_Cmd           stm32f0xx_dma.o
    0x08001478   0x08001478   0x00000164   Code   RO         1437    i.DMA_DeInit        stm32f0xx_dma.o
    0x080015dc   0x080015dc   0x00000034   Code   RO         1440    i.DMA_GetITStatus   stm32f0xx_dma.o
    0x08001610   0x08001610   0x00000014   Code   RO         1441    i.DMA_ITConfig      stm32f0xx_dma.o
    0x08001624   0x08001624   0x00000040   Code   RO         1442    i.DMA_Init          stm32f0xx_dma.o
    0x08001664   0x08001664   0x0000001a   Code   RO         1445    i.DMA_StructInit    stm32f0xx_dma.o
    0x0800167e   0x0800167e   0x00000002   PAD
    0x08001680   0x08001680   0x000000b0   Code   RO          360    i.DataProcess       process.o
    0x08001730   0x08001730   0x00000012   Code   RO          149    i.DelaymsSet        main.o
    0x08001742   0x08001742   0x00000002   PAD
    0x08001744   0x08001744   0x0000000c   Code   RO         1582    i.FLASH_ClearFlag   stm32f0xx_flash.o
    0x08001750   0x08001750   0x0000004c   Code   RO         1584    i.FLASH_ErasePage   stm32f0xx_flash.o
    0x0800179c   0x0800179c   0x0000003c   Code   RO         1587    i.FLASH_GetStatus   stm32f0xx_flash.o
    0x080017d8   0x080017d8   0x00000014   Code   RO         1589    i.FLASH_Lock        stm32f0xx_flash.o
    0x080017ec   0x080017ec   0x0000006c   Code   RO         1609    i.FLASH_ProgramWord  stm32f0xx_flash.o
    0x08001858   0x08001858   0x00000024   Code   RO         1611    i.FLASH_Unlock      stm32f0xx_flash.o
    0x0800187c   0x0800187c   0x00000028   Code   RO         1612    i.FLASH_WaitForLastOperation  stm32f0xx_flash.o
    0x080018a4   0x080018a4   0x0000005c   Code   RO          150    i.FlashCheck        main.o
    0x08001900   0x08001900   0x000000b4   Code   RO          151    i.Formula_100       main.o
    0x080019b4   0x080019b4   0x00000032   Code   RO          153    i.GPIO_DEINIT_ALL   main.o
    0x080019e6   0x080019e6   0x00000084   Code   RO          154    i.GPIO_INIT         main.o
    0x08001a6a   0x08001a6a   0x00000090   Code   RO         1783    i.GPIO_Init         stm32f0xx_gpio.o
    0x08001afa   0x08001afa   0x0000005c   Code   RO          155    i.GPIO_PWMOUT_Config  main.o
    0x08001b56   0x08001b56   0x00000014   Code   RO         1787    i.GPIO_ReadInputDataBit  stm32f0xx_gpio.o
    0x08001b6a   0x08001b6a   0x00000014   Code   RO         1789    i.GPIO_ReadOutputDataBit  stm32f0xx_gpio.o
    0x08001b7e   0x08001b7e   0x00000002   PAD
    0x08001b80   0x08001b80   0x00000018   Code   RO         1792    i.GPIO_StructInit   stm32f0xx_gpio.o
    0x08001b98   0x08001b98   0x0000000c   Code   RO         1794    i.GPIO_WriteBit     stm32f0xx_gpio.o
    0x08001ba4   0x08001ba4   0x00000084   Code   RO          361    i.GetEEPROM         process.o
    0x08001c28   0x08001c28   0x00000014   Code   RO          362    i.Get_FB_Flag       process.o
    0x08001c3c   0x08001c3c   0x00000004   Code   RO            3    i.HardFault_Handler  stm32f0xx_it.o
    0x08001c40   0x08001c40   0x00000034   Code   RO          156    i.IWDG_Config       main.o
    0x08001c74   0x08001c74   0x00000010   Code   RO         2140    i.IWDG_Enable       stm32f0xx_iwdg.o
    0x08001c84   0x08001c84   0x00000010   Code   RO         2142    i.IWDG_ReloadCounter  stm32f0xx_iwdg.o
    0x08001c94   0x08001c94   0x0000000c   Code   RO         2143    i.IWDG_SetPrescaler  stm32f0xx_iwdg.o
    0x08001ca0   0x08001ca0   0x0000000c   Code   RO         2144    i.IWDG_SetReload    stm32f0xx_iwdg.o
    0x08001cac   0x08001cac   0x0000000c   Code   RO         2146    i.IWDG_WriteAccessCmd  stm32f0xx_iwdg.o
    0x08001cb8   0x08001cb8   0x00000020   Code   RO          473    i.InitInternalFlash  flash.o
    0x08001cd8   0x08001cd8   0x00000010   Code   RO          363    i.MARK_GetRegisterAState  process.o
    0x08001ce8   0x08001ce8   0x000002e0   Code   RO          364    i.MARK_Mode_SelfLearning  process.o
    0x08001fc8   0x08001fc8   0x00000b34   Code   RO          365    i.MARK_PWM_OUT      process.o
    0x08002afc   0x08002afc   0x00000002   Code   RO            4    i.NMI_Handler       stm32f0xx_it.o
    0x08002afe   0x08002afe   0x00000002   PAD
    0x08002b00   0x08002b00   0x00000070   Code   RO         2196    i.NVIC_Init         stm32f0xx_misc.o
    0x08002b70   0x08002b70   0x00000002   Code   RO            5    i.PendSV_Handler    stm32f0xx_it.o
    0x08002b72   0x08002b72   0x00000002   PAD
    0x08002b74   0x08002b74   0x0000005c   Code   RO          157    i.ProgramCheck      main.o
    0x08002bd0   0x08002bd0   0x00000038   Code   RO         2302    i.RCC_ADCCLKConfig  stm32f0xx_rcc.o
    0x08002c08   0x08002c08   0x00000020   Code   RO         2303    i.RCC_AHBPeriphClockCmd  stm32f0xx_rcc.o
    0x08002c28   0x08002c28   0x00000020   Code   RO         2305    i.RCC_APB1PeriphClockCmd  stm32f0xx_rcc.o
    0x08002c48   0x08002c48   0x00000020   Code   RO         2306    i.RCC_APB1PeriphResetCmd  stm32f0xx_rcc.o
    0x08002c68   0x08002c68   0x00000020   Code   RO         2307    i.RCC_APB2PeriphClockCmd  stm32f0xx_rcc.o
    0x08002c88   0x08002c88   0x00000020   Code   RO         2308    i.RCC_APB2PeriphResetCmd  stm32f0xx_rcc.o
    0x08002ca8   0x08002ca8   0x00000014   Code   RO         2313    i.RCC_ClearFlag     stm32f0xx_rcc.o
    0x08002cbc   0x08002cbc   0x0000003c   Code   RO          158    i.RCC_Configuration  main.o
    0x08002cf8   0x08002cf8   0x00000248   Code   RO         2317    i.RCC_GetClocksFreq  stm32f0xx_rcc.o
    0x08002f40   0x08002f40   0x00000048   Code   RO         2318    i.RCC_GetFlagStatus  stm32f0xx_rcc.o
    0x08002f88   0x08002f88   0x00000010   Code   RO         2320    i.RCC_GetSYSCLKSource  stm32f0xx_rcc.o
    0x08002f98   0x08002f98   0x00000028   Code   RO         2334    i.RCC_PLLCmd        stm32f0xx_rcc.o
    0x08002fc0   0x08002fc0   0x00000024   Code   RO         2335    i.RCC_PLLConfig     stm32f0xx_rcc.o
    0x08002fe4   0x08002fe4   0x0000001c   Code   RO         2339    i.RCC_SYSCLKConfig  stm32f0xx_rcc.o
    0x08003000   0x08003000   0x00000030   Code   RO          474    i.ReadFlash         flash.o
    0x08003030   0x08003030   0x000000ac   Code   RO          366    i.ResetParameter    process.o
    0x080030dc   0x080030dc   0x000000c8   Code   RO          367    i.SET_GOODBAD       process.o
    0x080031a4   0x080031a4   0x00000002   Code   RO            6    i.SVC_Handler       stm32f0xx_it.o
    0x080031a6   0x080031a6   0x00000002   PAD
    0x080031a8   0x080031a8   0x00000044   Code   RO          368    i.SelfLearning      process.o
    0x080031ec   0x080031ec   0x00000026   Code   RO          369    i.SetOut            process.o
    0x08003212   0x08003212   0x00000002   PAD
    0x08003214   0x08003214   0x000000d8   Code   RO         4106    i.SetSysClock       system_stm32f0xx.o
    0x080032ec   0x080032ec   0x00000002   Code   RO            7    i.SysTick_Handler   stm32f0xx_it.o
    0x080032ee   0x080032ee   0x00000002   PAD
    0x080032f0   0x080032f0   0x0000007c   Code   RO         4108    i.SystemInit        system_stm32f0xx.o
    0x0800336c   0x0800336c   0x00000054   Code   RO          159    i.TIM14_Config      main.o
    0x080033c0   0x080033c0   0x00000060   Code   RO          160    i.TIM14_IRQHandler  main.o
    0x08003420   0x08003420   0x00000058   Code   RO          161    i.TIM1_BRK_UP_TRG_COM_IRQHandler  main.o
    0x08003478   0x08003478   0x00000018   Code   RO          164    i.TIM2_IRQHandler   main.o
    0x08003490   0x08003490   0x00000058   Code   RO          166    i.TIM3_Config       main.o
    0x080034e8   0x080034e8   0x0000001c   Code   RO          167    i.TIM3_IRQHandler   main.o
    0x08003504   0x08003504   0x00000006   Code   RO         3178    i.TIM_ClearFlag     stm32f0xx_tim.o
    0x0800350a   0x0800350a   0x00000006   Code   RO         3179    i.TIM_ClearITPendingBit  stm32f0xx_tim.o
    0x08003510   0x08003510   0x0000001c   Code   RO         3184    i.TIM_Cmd           stm32f0xx_tim.o
    0x0800352c   0x0800352c   0x00000104   Code   RO         3189    i.TIM_DeInit        stm32f0xx_tim.o
    0x08003630   0x08003630   0x00000006   Code   RO         3203    i.TIM_GetCounter    stm32f0xx_tim.o
    0x08003636   0x08003636   0x00000026   Code   RO         3205    i.TIM_GetITStatus   stm32f0xx_tim.o
    0x0800365c   0x0800365c   0x00000004   Code   RO         3251    i.TIM_SetCounter    stm32f0xx_tim.o
    0x08003660   0x08003660   0x0000007c   Code   RO         3257    i.TIM_TimeBaseInit  stm32f0xx_tim.o
    0x080036dc   0x080036dc   0x00000012   Code   RO         3258    i.TIM_TimeBaseStructInit  stm32f0xx_tim.o
    0x080036ee   0x080036ee   0x00000002   PAD
    0x080036f0   0x080036f0   0x00000040   Code   RO          475    i.WriteFlash        flash.o
    0x08003730   0x08003730   0x00000024   Code   RO          476    i.WriteInternalFlash  flash.o
    0x08003754   0x08003754   0x0000002e   Code   RO         4202    i.__ARM_clz         mf_p.l(depilogue.o)
    0x08003782   0x08003782   0x0000000e   Code   RO         4210    i.__scatterload_copy  mc_p.l(handlers.o)
    0x08003790   0x08003790   0x00000002   Code   RO         4211    i.__scatterload_null  mc_p.l(handlers.o)
    0x08003792   0x08003792   0x0000000e   Code   RO         4212    i.__scatterload_zeroinit  mc_p.l(handlers.o)
    0x080037a0   0x080037a0   0x00000078   Code   RO          172    i.adc_config        main.o
    0x08003818   0x08003818   0x0000008c   Code   RO          173    i.adc_dma_init      main.o
    0x080038a4   0x080038a4   0x00000030   Code   RO          174    i.adc_gpio_init     main.o
    0x080038d4   0x080038d4   0x00000050   Code   RO          176    i.main              main.o
    0x08003924   0x08003924   0x0000007c   Code   RO          371    i.scan_key          process.o
    0x080039a0   0x080039a0   0x00000020   Data   RO         4208    Region$$Table       anon$$obj.o


    Execution Region RW_IRAM1 (Exec base: 0x20000000, Load base: 0x080039c0, Size: 0x00000c70, Max: 0x00001000, ABSOLUTE, COMPRESSED[0x00000034])

    Exec Addr    Load Addr    Size         Type   Attr      Idx    E Section Name        Object

    0x20000000   COMPRESSED   0x00000034   Data   RW          178    .data               main.o
    0x20000034   COMPRESSED   0x00000112   Data   RW          373    .data               process.o
    0x20000146   COMPRESSED   0x00000002   PAD
    0x20000148   COMPRESSED   0x0000005c   Data   RW          477    .data               flash.o
    0x200001a4   COMPRESSED   0x00000010   Data   RW         2343    .data               stm32f0xx_rcc.o
    0x200001b4        -       0x00000658   Zero   RW          177    .bss                main.o
    0x2000080c        -       0x00000060   Zero   RW          372    .bss                process.o
    0x2000086c   COMPRESSED   0x00000004   PAD
    0x20000870        -       0x00000400   Zero   RW         4141    STACK               startup_stm32f0xx_ld.o


==============================================================================

Image component sizes


      Code (inc. data)   RO Data    RW Data    ZI Data      Debug   Object Name

       180          8          0         92          0       3035   flash.o
      1672        140          0         52       1624      12183   main.o
      7194        880          0        274         96      15156   process.o
        88         38        176          0       1024        728   startup_stm32f0xx_ld.o
       326          8          0          0          0       7135   stm32f0xx_adc.o
       578         44          0          0          0       5856   stm32f0xx_dma.o
       352         38          0          0          0       4527   stm32f0xx_flash.o
       220          4          0          0          0       3635   stm32f0xx_gpio.o
        12          0          0          0          0     243227   stm32f0xx_it.o
        68         34          0          0          0       2590   stm32f0xx_iwdg.o
       112          6          0          0          0        996   stm32f0xx_misc.o
      1012         82          0         16          0       8925   stm32f0xx_rcc.o
       490         70          0          0          0       6035   stm32f0xx_tim.o
       340         24          0          0          0       1337   system_stm32f0xx.o

    ----------------------------------------------------------------------
     12664       1376        208        436       2748     315365   Object Totals
         0          0         32          0          0          0   (incl. Generated)
        20          0          0          2          4          0   (incl. Padding)

    ----------------------------------------------------------------------

      Code (inc. data)   RO Data    RW Data    ZI Data      Debug   Library Member Name

        58          0          0          0          0          0   __dczerorl.o
         0          0          0          0          0          0   entry.o
         0          0          0          0          0          0   entry10a.o
         0          0          0          0          0          0   entry11a.o
         8          4          0          0          0          0   entry2.o
         4          0          0          0          0          0   entry5.o
         0          0          0          0          0          0   entry7b.o
         0          0          0          0          0          0   entry8b.o
         8          4          0          0          0          0   entry9a.o
        30          0          0          0          0          0   handlers.o
        36          8          0          0          0         68   init.o
         0          0          0          0          0          0   iusefp.o
        32          0          0          0          0         68   llshl.o
        38          0          0          0          0         68   llsshr.o
        34          0          0          0          0         68   llushr.o
        44          0          0          0          0         72   uidiv.o
        20          0          0          0          0         68   cfcmple.o
        20          0          0          0          0         68   cfrcmple.o
        56          0          0          0          0         68   d2f.o
       356          4          0          0          0        140   dadd.o
       236          0          0          0          0        216   depilogue.o
        40          6          0          0          0         68   dflti.o
       208          6          0          0          0         88   dmul.o
       178          0          0          0          0        108   fadd.o
       124          0          0          0          0         72   fdiv.o
       130          0          0          0          0        144   fepilogue.o
        50          0          0          0          0         60   ffixi.o
        40          0          0          0          0         60   ffixui.o
        22          0          0          0          0         68   fflti.o
        14          0          0          0          0         68   ffltui.o
       122          0          0          0          0         72   fmul.o

    ----------------------------------------------------------------------
      1912         32          0          0          0       1712   Library Totals
         4          0          0          0          0          0   (incl. Padding)

    ----------------------------------------------------------------------

      Code (inc. data)   RO Data    RW Data    ZI Data      Debug   Library Name

       292         16          0          0          0        344   mc_p.l
      1616         16          0          0          0       1368   mf_p.l

    ----------------------------------------------------------------------
      1912         32          0          0          0       1712   Library Totals

    ----------------------------------------------------------------------

==============================================================================


      Code (inc. data)   RO Data    RW Data    ZI Data      Debug   

     14576       1408        208        436       2748     312049   Grand Totals
     14576       1408        208         52       2748     312049   ELF Image Totals (compressed)
     14576       1408        208         52          0          0   ROM Totals

==============================================================================

    Total RO  Size (Code + RO Data)                14784 (  14.44kB)
    Total RW  Size (RW Data + ZI Data)              3184 (   3.11kB)
    Total ROM Size (Code + RO Data + RW Data)      14836 (  14.49kB)

==============================================================================

